Archive member included to satisfy reference by file (symbol)

lib/pico_opt4048/libpico_opt4048.a(opt4048.cpp.obj)
                              CMakeFiles/pico_opt4048_test.dir/src/main.cpp.obj (min(double, double))
lib/pico_opt4048/libpico_opt4048.a(conversions.cpp.obj)
                              CMakeFiles/pico_opt4048_test.dir/src/main.cpp.obj (rawToXYZ(opt4048_data))
C:/Users/test/.pico-sdk/toolchain/14_2_Rel1/bin/../lib/gcc/arm-none-eabi/14.2.1/thumb/v6-m/nofp\libgcc.a(_dvmd_tls.o)
                              CMakeFiles/pico_opt4048_test.dir/C_/Users/test/.pico-sdk/sdk/2.2.0/src/rp2_common/pico_divider/divider_hardware.S.obj (__aeabi_idiv0)
C:/Users/test/.pico-sdk/toolchain/14_2_Rel1/bin/../lib/gcc/arm-none-eabi/14.2.1/thumb/v6-m/nofp\libg.a(libc_a-calloc.o)
                              CMakeFiles/pico_opt4048_test.dir/C_/Users/test/.pico-sdk/sdk/2.2.0/src/rp2_common/pico_malloc/malloc.c.obj (calloc)
C:/Users/test/.pico-sdk/toolchain/14_2_Rel1/bin/../lib/gcc/arm-none-eabi/14.2.1/thumb/v6-m/nofp\libg.a(libc_a-callocr.o)
                              C:/Users/test/.pico-sdk/toolchain/14_2_Rel1/bin/../lib/gcc/arm-none-eabi/14.2.1/thumb/v6-m/nofp\libg.a(libc_a-calloc.o) (_calloc_r)
C:/Users/test/.pico-sdk/toolchain/14_2_Rel1/bin/../lib/gcc/arm-none-eabi/14.2.1/thumb/v6-m/nofp\libg.a(libc_a-malloc.o)
                              CMakeFiles/pico_opt4048_test.dir/C_/Users/test/.pico-sdk/sdk/2.2.0/src/rp2_common/pico_malloc/malloc.c.obj (malloc)
C:/Users/test/.pico-sdk/toolchain/14_2_Rel1/bin/../lib/gcc/arm-none-eabi/14.2.1/thumb/v6-m/nofp\libg.a(libc_a-mallocr.o)
                              C:/Users/test/.pico-sdk/toolchain/14_2_Rel1/bin/../lib/gcc/arm-none-eabi/14.2.1/thumb/v6-m/nofp\libg.a(libc_a-callocr.o) (_malloc_r)
C:/Users/test/.pico-sdk/toolchain/14_2_Rel1/bin/../lib/gcc/arm-none-eabi/14.2.1/thumb/v6-m/nofp\libg.a(libc_a-mlock.o)
                              C:/Users/test/.pico-sdk/toolchain/14_2_Rel1/bin/../lib/gcc/arm-none-eabi/14.2.1/thumb/v6-m/nofp\libg.a(libc_a-mallocr.o) (__malloc_lock)
C:/Users/test/.pico-sdk/toolchain/14_2_Rel1/bin/../lib/gcc/arm-none-eabi/14.2.1/thumb/v6-m/nofp\libg.a(libc_a-realloc.o)
                              CMakeFiles/pico_opt4048_test.dir/C_/Users/test/.pico-sdk/sdk/2.2.0/src/rp2_common/pico_malloc/malloc.c.obj (realloc)
C:/Users/test/.pico-sdk/toolchain/14_2_Rel1/bin/../lib/gcc/arm-none-eabi/14.2.1/thumb/v6-m/nofp\libg.a(libc_a-reallocr.o)
                              C:/Users/test/.pico-sdk/toolchain/14_2_Rel1/bin/../lib/gcc/arm-none-eabi/14.2.1/thumb/v6-m/nofp\libg.a(libc_a-realloc.o) (_realloc_r)
C:/Users/test/.pico-sdk/toolchain/14_2_Rel1/bin/../lib/gcc/arm-none-eabi/14.2.1/thumb/v6-m/nofp\libg.a(libc_a-memcmp.o)
                              CMakeFiles/pico_opt4048_test.dir/C_/Users/test/.pico-sdk/sdk/2.2.0/src/rp2_common/pico_atomic/atomic.c.obj (memcmp)
C:/Users/test/.pico-sdk/toolchain/14_2_Rel1/bin/../lib/gcc/arm-none-eabi/14.2.1/thumb/v6-m/nofp\libg.a(libc_a-memmove.o)
                              C:/Users/test/.pico-sdk/toolchain/14_2_Rel1/bin/../lib/gcc/arm-none-eabi/14.2.1/thumb/v6-m/nofp\libg.a(libc_a-reallocr.o) (memmove)
C:/Users/test/.pico-sdk/toolchain/14_2_Rel1/bin/../lib/gcc/arm-none-eabi/14.2.1/thumb/v6-m/nofp\libg.a(libc_a-lcltime_r.o)
                              CMakeFiles/pico_opt4048_test.dir/C_/Users/test/.pico-sdk/sdk/2.2.0/src/common/pico_util/datetime.c.obj (localtime_r)
C:/Users/test/.pico-sdk/toolchain/14_2_Rel1/bin/../lib/gcc/arm-none-eabi/14.2.1/thumb/v6-m/nofp\libg.a(libc_a-mktime.o)
                              CMakeFiles/pico_opt4048_test.dir/C_/Users/test/.pico-sdk/sdk/2.2.0/src/common/pico_util/datetime.c.obj (mktime)
C:/Users/test/.pico-sdk/toolchain/14_2_Rel1/bin/../lib/gcc/arm-none-eabi/14.2.1/thumb/v6-m/nofp\libg.a(libc_a-month_lengths.o)
                              C:/Users/test/.pico-sdk/toolchain/14_2_Rel1/bin/../lib/gcc/arm-none-eabi/14.2.1/thumb/v6-m/nofp\libg.a(libc_a-lcltime_r.o) (__month_lengths)
C:/Users/test/.pico-sdk/toolchain/14_2_Rel1/bin/../lib/gcc/arm-none-eabi/14.2.1/thumb/v6-m/nofp\libg.a(libc_a-tzcalc_limits.o)
                              C:/Users/test/.pico-sdk/toolchain/14_2_Rel1/bin/../lib/gcc/arm-none-eabi/14.2.1/thumb/v6-m/nofp\libg.a(libc_a-lcltime_r.o) (__tzcalc_limits)
C:/Users/test/.pico-sdk/toolchain/14_2_Rel1/bin/../lib/gcc/arm-none-eabi/14.2.1/thumb/v6-m/nofp\libg.a(libc_a-tzlock.o)
                              C:/Users/test/.pico-sdk/toolchain/14_2_Rel1/bin/../lib/gcc/arm-none-eabi/14.2.1/thumb/v6-m/nofp\libg.a(libc_a-lcltime_r.o) (__tz_lock)
C:/Users/test/.pico-sdk/toolchain/14_2_Rel1/bin/../lib/gcc/arm-none-eabi/14.2.1/thumb/v6-m/nofp\libg.a(libc_a-tzset.o)
                              C:/Users/test/.pico-sdk/toolchain/14_2_Rel1/bin/../lib/gcc/arm-none-eabi/14.2.1/thumb/v6-m/nofp\libg.a(libc_a-lcltime_r.o) (_tzset_unlocked)
C:/Users/test/.pico-sdk/toolchain/14_2_Rel1/bin/../lib/gcc/arm-none-eabi/14.2.1/thumb/v6-m/nofp\libg.a(libc_a-tzset_r.o)
[...]
Memory Configuration

Name             Origin             Length             Attributes
FLASH            0x10000000         0x00200000         xr
RAM              0x20000000         0x00040000         xrw
SCRATCH_X        0x20040000         0x00001000         xrw
SCRATCH_Y        0x20041000         0x00001000         xrw
*default*        0x00000000         0xffffffff

Linker script and memory map

LOAD C:/Users/test/.pico-sdk/toolchain/14_2_Rel1/bin/../lib/gcc/arm-none-eabi/14.2.1/thumb/v6-m/nofp/crti.o
LOAD C:/Users/test/.pico-sdk/toolchain/14_2_Rel1/bin/../lib/gcc/arm-none-eabi/14.2.1/thumb/v6-m/nofp/crtbegin.o
LOAD C:/Users/test/.pico-sdk/toolchain/14_2_Rel1/bin/../lib/gcc/arm-none-eabi/14.2.1/thumb/v6-m/nofp/crt0.o

.flash_begin    0x10000000        0x0
                0x10000000                        __flash_binary_start = .

.boot2          0x10000000      0x100
                0x10000000                        __boot2_start__ = .
 *(.boot2)
 .boot2         0x10000000      0x100 pico-sdk/src/rp2040/boot_stage2/CMakeFiles/bs2_default_library.dir/./bs2_default_padded_checksummed.S.obj
                0x10000100                        __boot2_end__ = .
                0x00000001                        ASSERT (((__boot2_end__ - __boot2_start__) == 0x100), ERROR: Pico second stage bootloader must be 256 bytes in size)

.text           0x10000100     0x879c
                0x10000100                        __logical_binary_start = .
 *(.vectors)
 .vectors       0x10000100       0xd4 CMakeFiles/pico_opt4048_test.dir/C_/Users/test/.pico-sdk/sdk/2.2.0/src/rp2_common/pico_crt0/crt0.S.obj
                0x10000100                __VECTOR_TABLE
                0x10000100                __vectors
                0x100001c0                isr_irq13
                0x100001c0                isr_irq27
                0x100001c0                isr_irq31
                0x100001c0                isr_irq12
                0x100001c0                isr_irq5
                0x100001c0                isr_irq11
                0x100001c0                isr_irq3
                0x100001c0                isr_irq23
                0x100001c0                __unhandled_user_irq
                0x100001c0                isr_irq26
                0x100001c0                isr_irq28
                0x100001c0                isr_irq19
                0x100001c0                isr_irq0
                0x100001c0                isr_irq6
                0x100001c0                isr_irq29
                0x100001c0                isr_irq16
                0x100001c0                isr_irq22
                0x100001c0                isr_irq18
                0x100001c0                isr_irq17
                0x100001c0                isr_irq14
                0x100001c0                __vectors_end
                0x100001c0                __default_isrs_start
                0x100001c0                isr_irq2
                0x100001c0                isr_irq10
                0x100001c0                isr_irq8
                0x100001c0                isr_irq24
                0x100001c0                isr_irq1
                0x100001c0                isr_irq7
                0x100001c0                isr_irq21
                0x100001c0                isr_irq20
                0x100001c0                isr_irq15
                0x100001c0                isr_irq25
                0x100001c0                isr_irq4
                0x100001c0                isr_irq30
                0x100001c0                isr_irq9
                0x100001c6                unhandled_user_irq_num_in_r0
                0x100001c8                isr_invalid
                0x100001ca                isr_nmi
                0x100001cc                isr_hardfault
                0x100001ce                isr_svcall
                0x100001d0                isr_pendsv
                0x100001d2                isr_systick
                0x100001d4                __default_isrs_end
 *(.binary_info_header)
 .binary_info_header
                0x100001d4       0x14 CMakeFiles/pico_opt4048_test.dir/C_/Users/test/.pico-sdk/sdk/2.2.0/src/rp2_common/pico_crt0/crt0.S.obj
                0x100001e8                        __binary_info_header_end = .
 *(.embedded_block)
                0x100001e8                        __embedded_block_end = .
 *(.reset)
 .reset         0x100001e8       0x9c CMakeFiles/pico_opt4048_test.dir/C_/Users/test/.pico-sdk/sdk/2.2.0/src/rp2_common/pico_crt0/crt0.S.obj
                0x100001e8                _entry_point
 *(.init)
 .init          0x10000284        0x4 C:/Users/test/.pico-sdk/toolchain/14_2_Rel1/bin/../lib/gcc/arm-none-eabi/14.2.1/thumb/v6-m/nofp/crti.o
                0x10000284                _init
 *(EXCLUDE_FILE(*libm.a: *libc.a:*lib_a-mem*.o *libgcc.a:) .text*)
 .text.register_tm_clones
                0x10000288       0x28 C:/Users/test/.pico-sdk/toolchain/14_2_Rel1/bin/../lib/gcc/arm-none-eabi/14.2.1/thumb/v6-m/nofp/crtbegin.o
 .text.frame_dummy
                0x100002b0       0x24 C:/Users/test/.pico-sdk/toolchain/14_2_Rel1/bin/../lib/gcc/arm-none-eabi/14.2.1/thumb/v6-m/nofp/crtbegin.o
 .text._Z9printData12opt4048_data
                0x100002d4      0x274 CMakeFiles/pico_opt4048_test.dir/src/main.cpp.obj
                0x100002d4                printData(opt4048_data)
 .text.startup.main
                0x10000548      0x110 CMakeFiles/pico_opt4048_test.dir/src/main.cpp.obj
                0x10000548                main
 .text.gpio_set_function
                0x10000658       0x34 CMakeFiles/pico_opt4048_test.dir/C_/Users/test/.pico-sdk/sdk/2.2.0/src/rp2_common/hardware_gpio/gpio.c.obj
                0x10000658                gpio_set_function
 .text.gpio_set_pulls
                0x1000068c       0x28 CMakeFiles/pico_opt4048_test.dir/C_/Users/test/.pico-sdk/sdk/2.2.0/src/rp2_common/hardware_gpio/gpio.c.obj
                0x1000068c                gpio_set_pulls
 .text.gpio_init
                0x100006b4       0x40 CMakeFiles/pico_opt4048_test.dir/C_/Users/test/.pico-sdk/sdk/2.2.0/src/rp2_common/hardware_gpio/gpio.c.obj
                0x100006b4                gpio_init
 .text.rp2040_chip_version
                0x100006f4        0xc CMakeFiles/pico_opt4048_test.dir/C_/Users/test/.pico-sdk/sdk/2.2.0/src/rp2040/pico_platform/platform.c.obj
                0x100006f4                rp2040_chip_version
 .text.panic    0x10000700       0x30 CMakeFiles/pico_opt4048_test.dir/C_/Users/test/.pico-sdk/sdk/2.2.0/src/rp2_common/pico_platform_panic/panic.c.obj
                0x10000700                panic
 .text.hw_claim_or_assert
                0x10000730       0x44 CMakeFiles/pico_opt4048_test.dir/C_/Users/test/.pico-sdk/sdk/2.2.0/src/common/hardware_claim/claim.c.obj
                0x10000730                hw_claim_or_assert
 .text.hw_claim_unused_from_range
                0x10000774       0x88 CMakeFiles/pico_opt4048_test.dir/C_/Users/test/.pico-sdk/sdk/2.2.0/src/common/hardware_claim/claim.c.obj
                0x10000774                hw_claim_unused_from_range
 .text.next_striped_spin_lock_num
                0x100007fc       0x18 CMakeFiles/pico_opt4048_test.dir/C_/Users/test/.pico-sdk/sdk/2.2.0/src/rp2_common/hardware_sync/sync.c.obj
                0x100007fc                next_striped_spin_lock_num
 .text.spin_lock_claim_unused
                0x10000814       0x24 CMakeFiles/pico_opt4048_test.dir/C_/Users/test/.pico-sdk/sdk/2.2.0/src/rp2_common/hardware_sync/sync.c.obj
                0x10000814                spin_lock_claim_unused
 .text.spin_locks_reset
                0x10000838       0x1c CMakeFiles/pico_opt4048_test.dir/C_/Users/test/.pico-sdk/sdk/2.2.0/src/rp2_common/hardware_sync_spin_lock/sync_spin_lock.c.obj
                0x10000838                spin_locks_reset
 .text.runtime_init_per_core_irq_priorities
                0x10000854       0x24 CMakeFiles/pico_opt4048_test.dir/C_/Users/test/.pico-sdk/sdk/2.2.0/src/rp2_common/hardware_irq/irq.c.obj
                0x10000854                runtime_init_per_core_irq_priorities
 .text.irq_set_enabled
                0x10000878       0x24 CMakeFiles/pico_opt4048_test.dir/C_/Users/test/.pico-sdk/sdk/2.2.0/src/rp2_common/hardware_irq/irq.c.obj
                0x10000878                irq_set_enabled
 .text.irq_is_enabled
                0x1000089c       0x18 CMakeFiles/pico_opt4048_test.dir/C_/Users/test/.pico-sdk/sdk/2.2.0/src/rp2_common/hardware_irq/irq.c.obj
                0x1000089c                irq_is_enabled
 .text.irq_set_pending
                0x100008b4       0x10 CMakeFiles/pico_opt4048_test.dir/C_/Users/test/.pico-sdk/sdk/2.2.0/src/rp2_common/hardware_irq/irq.c.obj
                0x100008b4                irq_set_pending
 .text.irq_has_shared_handler
                0x100008c4       0x24 CMakeFiles/pico_opt4048_test.dir/C_/Users/test/.pico-sdk/sdk/2.2.0/src/rp2_common/hardware_irq/irq.c.obj
                0x100008c4                irq_has_shared_handler
 .text.irq_set_exclusive_handler
                0x100008e8       0x54 CMakeFiles/pico_opt4048_test.dir/C_/Users/test/.pico-sdk/sdk/2.2.0/src/rp2_common/hardware_irq/irq.c.obj
                0x100008e8                irq_set_exclusive_handler
 .text.irq_add_shared_handler
                0x1000093c      0x1f4 CMakeFiles/pico_opt4048_test.dir/C_/Users/test/.pico-sdk/sdk/2.2.0/src/rp2_common/hardware_irq/irq.c.obj
                0x1000093c                irq_add_shared_handler
 .text.irq_add_tail_to_free_list
                0x10000b30       0xb4 CMakeFiles/pico_opt4048_test.dir/C_/Users/test/.pico-sdk/sdk/2.2.0/src/rp2_common/hardware_irq/irq.c.obj
                0x10000b30                irq_add_tail_to_free_list
 .text.user_irq_claim_unused
                0x10000be4       0x2c CMakeFiles/pico_opt4048_test.dir/C_/Users/test/.pico-sdk/sdk/2.2.0/src/rp2_common/hardware_irq/irq.c.obj
                0x10000be4                user_irq_claim_unused
 .text.lock_init
                0x10000c10       0x10 CMakeFiles/pico_opt4048_test.dir/C_/Users/test/.pico-sdk/sdk/2.2.0/src/common/pico_sync/lock_core.c.obj
                0x10000c10                lock_init
 .text.runtime_init_mutex
                0x10000c20       0x50 CMakeFiles/pico_opt4048_test.dir/C_/Users/test/.pico-sdk/sdk/2.2.0/src/common/pico_sync/mutex.c.obj
                0x10000c20                runtime_init_mutex
 .text.mutex_init
                0x10000c70       0x1c CMakeFiles/pico_opt4048_test.dir/C_/Users/test/.pico-sdk/sdk/2.2.0/src/common/pico_sync/mutex.c.obj
                0x10000c70                mutex_init
 .text.critical_section_init
                0x10000c8c       0x1c CMakeFiles/pico_opt4048_test.dir/C_/Users/test/.pico-sdk/sdk/2.2.0/src/common/pico_sync/critical_section.c.obj
                0x10000c8c                critical_section_init
 .text.critical_section_init_with_lock_num
                0x10000ca8       0x14 CMakeFiles/pico_opt4048_test.dir/C_/Users/test/.pico-sdk/sdk/2.2.0/src/common/pico_sync/critical_section.c.obj
                0x10000ca8                critical_section_init_with_lock_num
 .text.sleep_until_callback
                0x10000cbc       0x30 CMakeFiles/pico_opt4048_test.dir/C_/Users/test/.pico-sdk/sdk/2.2.0/src/common/pico_time/time.c.obj
 .text.alarm_pool_irq_handler
                0x10000cec      0x300 CMakeFiles/pico_opt4048_test.dir/C_/Users/test/.pico-sdk/sdk/2.2.0/src/common/pico_time/time.c.obj
 .text.runtime_init_default_alarm_pool
                0x10000fec       0xdc CMakeFiles/pico_opt4048_test.dir/C_/Users/test/.pico-sdk/sdk/2.2.0/src/common/pico_time/time.c.obj
                0x10000fec                runtime_init_default_alarm_pool
 .text.alarm_pool_get_default
                0x100010c8        0x8 CMakeFiles/pico_opt4048_test.dir/C_/Users/test/.pico-sdk/sdk/2.2.0/src/common/pico_time/time.c.obj
                0x100010c8                alarm_pool_get_default
 .text.alarm_pool_add_alarm_at
                0x100010d0       0xd0 CMakeFiles/pico_opt4048_test.dir/C_/Users/test/.pico-sdk/sdk/2.2.0/src/common/pico_time/time.c.obj
                0x100010d0                alarm_pool_add_alarm_at
 .text.alarm_pool_add_alarm_at_force_in_context
                0x100011a0       0xb0 CMakeFiles/pico_opt4048_test.dir/C_/Users/test/.pico-sdk/sdk/2.2.0/src/common/pico_time/time.c.obj
                0x100011a0                alarm_pool_add_alarm_at_force_in_context
 .text.alarm_pool_cancel_alarm
                0x10001250       0x74 CMakeFiles/pico_opt4048_test.dir/C_/Users/test/.pico-sdk/sdk/2.2.0/src/common/pico_time/time.c.obj
                0x10001250                alarm_pool_cancel_alarm
 .text.alarm_pool_core_num
                0x100012c4        0x4 CMakeFiles/pico_opt4048_test.dir/C_/Users/test/.pico-sdk/sdk/2.2.0/src/common/pico_time/time.c.obj
                0x100012c4                alarm_pool_core_num
 .text.sleep_ms
                0x100012c8       0xfc CMakeFiles/pico_opt4048_test.dir/C_/Users/test/.pico-sdk/sdk/2.2.0/src/common/pico_time/time.c.obj
                0x100012c8                sleep_ms
 .text.best_effort_wfe_or_timeout
                0x100013c4      0x10c CMakeFiles/pico_opt4048_test.dir/C_/Users/test/.pico-sdk/sdk/2.2.0/src/common/pico_time/time.c.obj
                0x100013c4                best_effort_wfe_or_timeout
 .text.timer_hardware_alarm_claim
                0x100014d0       0x14 CMakeFiles/pico_opt4048_test.dir/C_/Users/test/.pico-sdk/sdk/2.2.0/src/rp2_common/hardware_timer/timer.c.obj
                0x100014d0                timer_hardware_alarm_claim
 .text.timer_time_us_64
                0x100014e4       0x10 CMakeFiles/pico_opt4048_test.dir/C_/Users/test/.pico-sdk/sdk/2.2.0/src/rp2_common/hardware_timer/timer.c.obj
                0x100014e4                timer_time_us_64
 .text.time_us_64
                0x100014f4       0x14 CMakeFiles/pico_opt4048_test.dir/C_/Users/test/.pico-sdk/sdk/2.2.0/src/rp2_common/hardware_timer/timer.c.obj
                0x100014f4                time_us_64
 .text.busy_wait_until
                0x10001508       0x20 CMakeFiles/pico_opt4048_test.dir/C_/Users/test/.pico-sdk/sdk/2.2.0/src/rp2_common/hardware_timer/timer.c.obj
                0x10001508                busy_wait_until
 .text.clock_configure_int_divider
                0x10001528       0xf4 CMakeFiles/pico_opt4048_test.dir/C_/Users/test/.pico-sdk/sdk/2.2.0/src/rp2_common/hardware_clocks/clocks.c.obj
                0x10001528                clock_configure_int_divider
 .text.clock_configure_undivided
                0x1000161c       0xe8 CMakeFiles/pico_opt4048_test.dir/C_/Users/test/.pico-sdk/sdk/2.2.0/src/rp2_common/hardware_clocks/clocks.c.obj
                0x1000161c                clock_configure_undivided
 .text.clock_get_hz
                0x10001704        0xc CMakeFiles/pico_opt4048_test.dir/C_/Users/test/.pico-sdk/sdk/2.2.0/src/rp2_common/hardware_clocks/clocks.c.obj
                0x10001704                clock_get_hz
 .text.pll_init
                0x10001710       0xa4 CMakeFiles/pico_opt4048_test.dir/C_/Users/test/.pico-sdk/sdk/2.2.0/src/rp2_common/hardware_pll/pll.c.obj
                0x10001710                pll_init
 .text.watchdog_reboot
                0x100017b4       0x9c CMakeFiles/pico_opt4048_test.dir/C_/Users/test/.pico-sdk/sdk/2.2.0/src/rp2_common/hardware_watchdog/watchdog.c.obj
                0x100017b4                watchdog_reboot
 .text.tick_start
                0x10001850       0x10 CMakeFiles/pico_opt4048_test.dir/C_/Users/test/.pico-sdk/sdk/2.2.0/src/rp2_common/hardware_ticks/ticks.c.obj
                0x10001850                tick_start
 .text.rom_func_lookup
                0x10001860       0x10 CMakeFiles/pico_opt4048_test.dir/C_/Users/test/.pico-sdk/sdk/2.2.0/src/rp2_common/pico_bootrom/bootrom.c.obj
                0x10001860                rom_func_lookup
 .text.rom_data_lookup
                0x10001870       0x10 CMakeFiles/pico_opt4048_test.dir/C_/Users/test/.pico-sdk/sdk/2.2.0/src/rp2_common/pico_bootrom/bootrom.c.obj
                0x10001870                rom_data_lookup
 .text.rom_funcs_lookup
                0x10001880       0x44 CMakeFiles/pico_opt4048_test.dir/C_/Users/test/.pico-sdk/sdk/2.2.0/src/rp2_common/pico_bootrom/bootrom.c.obj
                0x10001880                rom_funcs_lookup
 .text.rom_reset_usb_boot_extra
                0x100018c4       0x24 CMakeFiles/pico_opt4048_test.dir/C_/Users/test/.pico-sdk/sdk/2.2.0/src/rp2_common/pico_bootrom/bootrom.c.obj
                0x100018c4                rom_reset_usb_boot_extra
 .text.xosc_init
                0x100018e8       0x28 CMakeFiles/pico_opt4048_test.dir/C_/Users/test/.pico-sdk/sdk/2.2.0/src/rp2_common/hardware_xosc/xosc.c.obj
                0x100018e8                xosc_init
 .text.first_per_core_initializer
                0x10001910        0x4 CMakeFiles/pico_opt4048_test.dir/C_/Users/test/.pico-sdk/sdk/2.2.0/src/rp2_common/pico_runtime/runtime.c.obj
 .text.hard_assertion_failure
                0x10001914        0xc CMakeFiles/pico_opt4048_test.dir/C_/Users/test/.pico-sdk/sdk/2.2.0/src/rp2_common/pico_runtime/runtime.c.obj
                0x10001914                hard_assertion_failure
 .text.runtime_run_initializers
                0x10001920       0x28 CMakeFiles/pico_opt4048_test.dir/C_/Users/test/.pico-sdk/sdk/2.2.0/src/rp2_common/pico_runtime/runtime.c.obj
                0x10001920                runtime_run_initializers
 .text.runtime_init_early_resets
                0x10001948       0x2c CMakeFiles/pico_opt4048_test.dir/C_/Users/test/.pico-sdk/sdk/2.2.0/src/rp2_common/pico_runtime_init/runtime_init.c.obj
                0x10001948                runtime_init_early_resets
 .text.runtime_init_usb_power_down
                0x10001974       0x1c CMakeFiles/pico_opt4048_test.dir/C_/Users/test/.pico-sdk/sdk/2.2.0/src/rp2_common/pico_runtime_init/runtime_init.c.obj
                0x10001974                runtime_init_usb_power_down
 .text.runtime_init_post_clock_resets
                0x10001990       0x20 CMakeFiles/pico_opt4048_test.dir/C_/Users/test/.pico-sdk/sdk/2.2.0/src/rp2_common/pico_runtime_init/runtime_init.c.obj
                0x10001990                runtime_init_post_clock_resets
 .text.runtime_init_rp2040_gpio_ie_disable
                0x100019b0       0x14 CMakeFiles/pico_opt4048_test.dir/C_/Users/test/.pico-sdk/sdk/2.2.0/src/rp2_common/pico_runtime_init/runtime_init.c.obj
                0x100019b0                runtime_init_rp2040_gpio_ie_disable
 .text.runtime_init_spin_locks_reset
                0x100019c4        0x8 CMakeFiles/pico_opt4048_test.dir/C_/Users/test/.pico-sdk/sdk/2.2.0/src/rp2_common/pico_runtime_init/runtime_init.c.obj
                0x100019c4                runtime_init_spin_locks_reset
 .text.runtime_init_install_ram_vector_table
                0x100019cc       0xb4 CMakeFiles/pico_opt4048_test.dir/C_/Users/test/.pico-sdk/sdk/2.2.0/src/rp2_common/pico_runtime_init/runtime_init.c.obj
                0x100019cc                runtime_init_install_ram_vector_table
 .text.runtime_init_clocks
                0x10001a80       0xd8 CMakeFiles/pico_opt4048_test.dir/C_/Users/test/.pico-sdk/sdk/2.2.0/src/rp2_common/pico_runtime_init/runtime_init_clocks.c.obj
                0x10001a80                runtime_init_clocks
 .text          0x10001b58       0x10 CMakeFiles/pico_opt4048_test.dir/C_/Users/test/.pico-sdk/sdk/2.2.0/src/rp2_common/pico_bit_ops/bit_ops_aeabi.S.obj
 .text.__wrap___aeabi_idiv
                0x10001b68       0x50 CMakeFiles/pico_opt4048_test.dir/C_/Users/test/.pico-sdk/sdk/2.2.0/src/rp2_common/pico_divider/divider_hardware.S.obj
                0x10001b68                __wrap___aeabi_idivmod
                0x10001b68                divmod_s32s32
                0x10001b68                div_s32s32
                0x10001b68                __wrap___aeabi_idiv
                0x10001b70                divmod_s32s32_unsafe
                0x10001b9c                divmod_s32s32_savestate
 .text.__wrap___aeabi_uidiv
                0x10001bb8       0x4c CMakeFiles/pico_opt4048_test.dir/C_/Users/test/.pico-sdk/sdk/2.2.0/src/rp2_common/pico_divider/divider_hardware.S.obj
                0x10001bb8                __wrap___aeabi_uidiv
                0x10001bb8                __wrap___aeabi_uidivmod
                0x10001bb8                div_u32u32
                0x10001bb8                divmod_u32u32
                0x10001bc0                divmod_u32u32_unsafe
                0x10001be8                divmod_u32u32_savestate
 .text.__wrap___aeabi_ldiv
                0x10001c04      0x424 CMakeFiles/pico_opt4048_test.dir/C_/Users/test/.pico-sdk/sdk/2.2.0/src/rp2_common/pico_divider/divider_hardware.S.obj
                0x10001c04                div_s64s64
                0x10001c04                divmod_s64s64
                0x10001c04                __wrap___aeabi_ldivmod
                0x10001c34                divmod_u64u64
                0x10001c34                div_u64u64
                0x10001c34                __wrap___aeabi_uldivmod
                0x10001c44                divmod_u64u64_savestate
                0x10001c64                divmod_s64s64_unsafe
                0x10001cec                divmod_u64u64_unsafe
 .text.__wrap___aeabi_darithmetic
                0x10002028       0x80 CMakeFiles/pico_opt4048_test.dir/C_/Users/test/.pico-sdk/sdk/2.2.0/src/rp2_common/pico_double/double_aeabi_rp2040.S.obj
                0x10002028                __wrap___aeabi_drsub
                0x1000202e                __wrap___aeabi_dsub
                0x10002040                __wrap___aeabi_dadd
                0x10002052                __wrap___aeabi_ddiv
                0x1000208e                __wrap___aeabi_dmul
 .text.__wrap___aeabi_cdcmple
                0x100020a8       0x6c CMakeFiles/pico_opt4048_test.dir/C_/Users/test/.pico-sdk/sdk/2.2.0/src/rp2_common/pico_double/double_aeabi_rp2040.S.obj
                0x100020a8                __wrap___aeabi_cdrcmple
                0x100020b8                __wrap___aeabi_cdcmpeq
                0x100020b8                __wrap___aeabi_cdcmple
 .text.__wrap___aeabi_dcmpeq
                0x10002114       0x10 CMakeFiles/pico_opt4048_test.dir/C_/Users/test/.pico-sdk/sdk/2.2.0/src/rp2_common/pico_double/double_aeabi_rp2040.S.obj
                0x10002114                __wrap___aeabi_dcmpeq
 .text.__wrap___aeabi_dcmplt
                0x10002124        0xc CMakeFiles/pico_opt4048_test.dir/C_/Users/test/.pico-sdk/sdk/2.2.0/src/rp2_common/pico_double/double_aeabi_rp2040.S.obj
                0x10002124                __wrap___aeabi_dcmplt
 .text.__wrap___aeabi_dcmple
                0x10002130       0x10 CMakeFiles/pico_opt4048_test.dir/C_/Users/test/.pico-sdk/sdk/2.2.0/src/rp2_common/pico_double/double_aeabi_rp2040.S.obj
                0x10002130                __wrap___aeabi_dcmple
 .text.__wrap___aeabi_dcmpge
                0x10002140       0x10 CMakeFiles/pico_opt4048_test.dir/C_/Users/test/.pico-sdk/sdk/2.2.0/src/rp2_common/pico_double/double_aeabi_rp2040.S.obj
                0x10002140                __wrap___aeabi_dcmpge
 .text.__wrap___aeabi_dcmpgt
                0x10002150        0xa CMakeFiles/pico_opt4048_test.dir/C_/Users/test/.pico-sdk/sdk/2.2.0/src/rp2_common/pico_double/double_aeabi_rp2040.S.obj
                0x10002150                __wrap___aeabi_dcmpgt
 .text.__wrap___aeabi_dcmpun
                0x1000215a       0x18 CMakeFiles/pico_opt4048_test.dir/C_/Users/test/.pico-sdk/sdk/2.2.0/src/rp2_common/pico_double/double_aeabi_rp2040.S.obj
                0x1000215a                __wrap___aeabi_dcmpun
 *fill*         0x10002172        0x2 
 .text.__wrap___aeabi_i2d
                0x10002174       0x38 CMakeFiles/pico_opt4048_test.dir/C_/Users/test/.pico-sdk/sdk/2.2.0/src/rp2_common/pico_double/double_aeabi_rp2040.S.obj
                0x10002174                uint2double
                0x10002174                __wrap___aeabi_ui2d
                0x1000217c                int2double
                0x1000217c                __wrap___aeabi_i2d
 .text.__wrap___aeabi_d2iz
                0x100021ac       0x48 CMakeFiles/pico_opt4048_test.dir/C_/Users/test/.pico-sdk/sdk/2.2.0/src/rp2_common/pico_double/double_aeabi_rp2040.S.obj
                0x100021ac                double2int_z
                0x100021ac                __wrap___aeabi_d2iz
 .text.__wrap___aeabi_d2uiz
                0x100021f4       0x18 CMakeFiles/pico_opt4048_test.dir/C_/Users/test/.pico-sdk/sdk/2.2.0/src/rp2_common/pico_double/double_aeabi_rp2040.S.obj
                0x100021f4                double2uint
                0x100021f4                __wrap___aeabi_d2uiz
                0x100021f4                double2uint_z
 .text.__wrap___aeabi_d2f
                0x1000220c       0x18 CMakeFiles/pico_opt4048_test.dir/C_/Users/test/.pico-sdk/sdk/2.2.0/src/rp2_common/pico_double/double_aeabi_rp2040.S.obj
                0x1000220c                __wrap___aeabi_d2f
 .text.__wrap_exp
                0x10002224       0x18 CMakeFiles/pico_opt4048_test.dir/C_/Users/test/.pico-sdk/sdk/2.2.0/src/rp2_common/pico_double/double_aeabi_rp2040.S.obj
                0x10002224                __wrap_exp
 .text.__wrap_log
                0x1000223c       0x18 CMakeFiles/pico_opt4048_test.dir/C_/Users/test/.pico-sdk/sdk/2.2.0/src/rp2_common/pico_double/double_aeabi_rp2040.S.obj
                0x1000223c                __wrap_log
 .text.__aeabi_double_init
                0x10002254       0xa4 CMakeFiles/pico_opt4048_test.dir/C_/Users/test/.pico-sdk/sdk/2.2.0/src/rp2_common/pico_double/double_init_rom_rp2040.c.obj
                0x10002254                __aeabi_double_init
 .text.dpow_1   0x100022f8      0x2a0 CMakeFiles/pico_opt4048_test.dir/C_/Users/test/.pico-sdk/sdk/2.2.0/src/rp2_common/pico_double/double_math.c.obj
 .text.dpow_int2
                0x10002598       0xd8 CMakeFiles/pico_opt4048_test.dir/C_/Users/test/.pico-sdk/sdk/2.2.0/src/rp2_common/pico_double/double_math.c.obj
 .text.dpow_0   0x10002670      0x16c CMakeFiles/pico_opt4048_test.dir/C_/Users/test/.pico-sdk/sdk/2.2.0/src/rp2_common/pico_double/double_math.c.obj
 .text.__wrap_ldexp
                0x100027dc       0x4c CMakeFiles/pico_opt4048_test.dir/C_/Users/test/.pico-sdk/sdk/2.2.0/src/rp2_common/pico_double/double_math.c.obj
                0x100027dc                __wrap_ldexp
 .text.__wrap_round
                0x10002828       0x9c CMakeFiles/pico_opt4048_test.dir/C_/Users/test/.pico-sdk/sdk/2.2.0/src/rp2_common/pico_double/double_math.c.obj
                0x10002828                __wrap_round
 .text.__wrap_exp2
                0x100028c4       0xbc CMakeFiles/pico_opt4048_test.dir/C_/Users/test/.pico-sdk/sdk/2.2.0/src/rp2_common/pico_double/double_math.c.obj
                0x100028c4                __wrap_exp2
 .text.__wrap_pow
                0x10002980      0x328 CMakeFiles/pico_opt4048_test.dir/C_/Users/test/.pico-sdk/sdk/2.2.0/src/rp2_common/pico_double/double_math.c.obj
                0x10002980                __wrap_pow
 .text.double_table_shim_on_use_helper
                0x10002ca8       0x2c CMakeFiles/pico_opt4048_test.dir/C_/Users/test/.pico-sdk/sdk/2.2.0/src/rp2_common/pico_double/double_v1_rom_shim_rp2040.S.obj
                0x10002ca8                double_table_shim_on_use_helper
 .text.__wrap___aeabi_dsub
                0x10002cd4       0x10 CMakeFiles/pico_opt4048_test.dir/C_/Users/test/.pico-sdk/sdk/2.2.0/src/rp2_common/pico_double/double_v1_rom_shim_rp2040.S.obj
                0x10002cd4                drsub_shim
                0x10002cda                dsub_shim
 .text.dadd_shim
                0x10002ce4      0x15c CMakeFiles/pico_opt4048_test.dir/C_/Users/test/.pico-sdk/sdk/2.2.0/src/rp2_common/pico_double/double_v1_rom_shim_rp2040.S.obj
                0x10002ce4                dadd_shim
 .text.dmul_shim
                0x10002e40      0x15c CMakeFiles/pico_opt4048_test.dir/C_/Users/test/.pico-sdk/sdk/2.2.0/src/rp2_common/pico_double/double_v1_rom_shim_rp2040.S.obj
                0x10002e40                dmul_shim
 .text.ddiv_shim
                0x10002f9c      0x1b0 CMakeFiles/pico_opt4048_test.dir/C_/Users/test/.pico-sdk/sdk/2.2.0/src/rp2_common/pico_double/double_v1_rom_shim_rp2040.S.obj
                0x10002f9c                ddiv_shim
 .text.double2uint_shim
                0x1000314c        0xe CMakeFiles/pico_opt4048_test.dir/C_/Users/test/.pico-sdk/sdk/2.2.0/src/rp2_common/pico_double/double_v1_rom_shim_rp2040.S.obj
                0x1000314c                double2uint_shim
                0x1000314e                double2ufix_shim
 *fill*         0x1000315a        0x2 
 .text.double2uint64_shim
                0x1000315c       0x70 CMakeFiles/pico_opt4048_test.dir/C_/Users/test/.pico-sdk/sdk/2.2.0/src/rp2_common/pico_double/double_v1_rom_shim_rp2040.S.obj
                0x1000315c                double2uint64_shim
                0x1000315e                double2ufix64_shim
                0x1000317e                d2fix_a
 .text.double2float_shim
                0x100031cc       0x5c CMakeFiles/pico_opt4048_test.dir/C_/Users/test/.pico-sdk/sdk/2.2.0/src/rp2_common/pico_double/double_v1_rom_shim_rp2040.S.obj
                0x100031cc                double2float_shim
 .text.x2double_shims
                0x10003228       0x90 CMakeFiles/pico_opt4048_test.dir/C_/Users/test/.pico-sdk/sdk/2.2.0/src/rp2_common/pico_double/double_v1_rom_shim_rp2040.S.obj
                0x10003228                uint2double_shim
                0x1000322a                ufix2double_shim
                0x10003230                int2double_shim
                0x10003232                fix2double_shim
                0x10003238                uint642double_shim
                0x1000323a                ufix642double_shim
                0x10003240                int642double_shim
                0x10003242                fix642double_shim
 .text.dunpacks
                0x100032b8       0x3c CMakeFiles/pico_opt4048_test.dir/C_/Users/test/.pico-sdk/sdk/2.2.0/src/rp2_common/pico_double/double_v1_rom_shim_rp2040.S.obj
                0x100032b8                dunpacks
 .text.dreduce  0x100032f4       0x82 CMakeFiles/pico_opt4048_test.dir/C_/Users/test/.pico-sdk/sdk/2.2.0/src/rp2_common/pico_double/double_v1_rom_shim_rp2040.S.obj
                0x100032f4                dreduce
 *fill*         0x10003376        0x2 
 .text.dexp_guts
                0x10003378      0x268 CMakeFiles/pico_opt4048_test.dir/C_/Users/test/.pico-sdk/sdk/2.2.0/src/rp2_common/pico_double/double_v1_rom_shim_rp2040.S.obj
                0x10003378                dexp_shim
                0x10003414                dln_shim
 .text.__aeabi_lmul
                0x100035e0       0x32 CMakeFiles/pico_opt4048_test.dir/C_/Users/test/.pico-sdk/sdk/2.2.0/src/rp2_common/pico_int64_ops/pico_int64_ops_aeabi.S.obj
                0x100035e0                __wrap___aeabi_lmul
 *fill*         0x10003612        0x2 
 .text.__wrap___aeabi_f2d
                0x10003614       0x14 CMakeFiles/pico_opt4048_test.dir/C_/Users/test/.pico-sdk/sdk/2.2.0/src/rp2_common/pico_float/float_aeabi_rp2040.S.obj
                0x10003614                __wrap___aeabi_f2d
 .text.__aeabi_float_init
                0x10003628       0x64 CMakeFiles/pico_opt4048_test.dir/C_/Users/test/.pico-sdk/sdk/2.2.0/src/rp2_common/pico_float/float_init_rom_rp2040.c.obj
                0x10003628                __aeabi_float_init
 .text.float_table_shim_on_use_helper
                0x1000368c       0x2c CMakeFiles/pico_opt4048_test.dir/C_/Users/test/.pico-sdk/sdk/2.2.0/src/rp2_common/pico_float/float_v1_rom_shim_rp2040.S.obj
                0x1000368c                float_table_shim_on_use_helper
 .text.float2double_shim
                0x100036b8       0x30 CMakeFiles/pico_opt4048_test.dir/C_/Users/test/.pico-sdk/sdk/2.2.0/src/rp2_common/pico_float/float_v1_rom_shim_rp2040.S.obj
                0x100036b8                float2double_shim
 .text          0x100036e8       0x10 CMakeFiles/pico_opt4048_test.dir/C_/Users/test/.pico-sdk/sdk/2.2.0/src/rp2_common/pico_mem_ops/mem_ops_aeabi.S.obj
                0x100036e8                __aeabi_mem_init
 .text.memset   0x100036f8        0xc CMakeFiles/pico_opt4048_test.dir/C_/Users/test/.pico-sdk/sdk/2.2.0/src/rp2_common/pico_mem_ops/mem_ops_aeabi.S.obj
                0x100036f8                __wrap_memset
 .text.memcpy   0x10003704        0xc CMakeFiles/pico_opt4048_test.dir/C_/Users/test/.pico-sdk/sdk/2.2.0/src/rp2_common/pico_mem_ops/mem_ops_aeabi.S.obj
                0x10003704                __wrap_memcpy
                0x10003704                __wrap___aeabi_memcpy
 .text._out_null
                0x10003710        0x4 CMakeFiles/pico_opt4048_test.dir/C_/Users/test/.pico-sdk/sdk/2.2.0/src/rp2_common/pico_printf/printf.c.obj
 .text._out_rev
                0x10003714       0xac CMakeFiles/pico_opt4048_test.dir/C_/Users/test/.pico-sdk/sdk/2.2.0/src/rp2_common/pico_printf/printf.c.obj
 .text._ntoa_format
                0x100037c0      0x1cc CMakeFiles/pico_opt4048_test.dir/C_/Users/test/.pico-sdk/sdk/2.2.0/src/rp2_common/pico_printf/printf.c.obj
 .text._out_char
                0x1000398c       0x10 CMakeFiles/pico_opt4048_test.dir/C_/Users/test/.pico-sdk/sdk/2.2.0/src/rp2_common/pico_printf/printf.c.obj
 .text._out_fct
                0x1000399c       0x10 CMakeFiles/pico_opt4048_test.dir/C_/Users/test/.pico-sdk/sdk/2.2.0/src/rp2_common/pico_printf/printf.c.obj
 .text._ftoa    0x100039ac      0x4a8 CMakeFiles/pico_opt4048_test.dir/C_/Users/test/.pico-sdk/sdk/2.2.0/src/rp2_common/pico_printf/printf.c.obj
 .text._etoa    0x10003e54      0x57c CMakeFiles/pico_opt4048_test.dir/C_/Users/test/.pico-sdk/sdk/2.2.0/src/rp2_common/pico_printf/printf.c.obj
 .text._vsnprintf
                0x100043d0      0xbe0 CMakeFiles/pico_opt4048_test.dir/C_/Users/test/.pico-sdk/sdk/2.2.0/src/rp2_common/pico_printf/printf.c.obj
 .text.vfctprintf
                0x10004fb0       0x24 CMakeFiles/pico_opt4048_test.dir/C_/Users/test/.pico-sdk/sdk/2.2.0/src/rp2_common/pico_printf/printf.c.obj
                0x10004fb0                vfctprintf
 .text.weak_raw_vprintf
                0x10004fd4       0x30 CMakeFiles/pico_opt4048_test.dir/C_/Users/test/.pico-sdk/sdk/2.2.0/src/rp2_common/pico_printf/printf.c.obj
                0x10004fd4                weak_raw_vprintf
 .text._exit    0x10005004        0x4 CMakeFiles/pico_opt4048_test.dir/C_/Users/test/.pico-sdk/sdk/2.2.0/src/rp2_common/pico_clib_interface/newlib_interface.c.obj
                0x10005004                _exit
 .text.exit     0x10005008        0x8 CMakeFiles/pico_opt4048_test.dir/C_/Users/test/.pico-sdk/sdk/2.2.0/src/rp2_common/pico_clib_interface/newlib_interface.c.obj
                0x10005008                exit
 .text.runtime_init
                0x10005010       0x2c CMakeFiles/pico_opt4048_test.dir/C_/Users/test/.pico-sdk/sdk/2.2.0/src/rp2_common/pico_clib_interface/newlib_interface.c.obj
                0x10005010                runtime_init
 .text.stdio_out_chars_no_crlf
                0x1000503c       0x10 CMakeFiles/pico_opt4048_test.dir/C_/Users/test/.pico-sdk/sdk/2.2.0/src/rp2_common/pico_stdio/stdio.c.obj
 .text.stdio_out_chars_crlf
                0x1000504c       0xb0 CMakeFiles/pico_opt4048_test.dir/C_/Users/test/.pico-sdk/sdk/2.2.0/src/rp2_common/pico_stdio/stdio.c.obj
 .text.stdio_buffered_printer
                0x100050fc       0x64 CMakeFiles/pico_opt4048_test.dir/C_/Users/test/.pico-sdk/sdk/2.2.0/src/rp2_common/pico_stdio/stdio.c.obj
 .text.stdio_put_string
                0x10005160       0xfc CMakeFiles/pico_opt4048_test.dir/C_/Users/test/.pico-sdk/sdk/2.2.0/src/rp2_common/pico_stdio/stdio.c.obj
                0x10005160                stdio_put_string
 .text.stdio_set_driver_enabled
                0x1000525c       0x30 CMakeFiles/pico_opt4048_test.dir/C_/Users/test/.pico-sdk/sdk/2.2.0/src/rp2_common/pico_stdio/stdio.c.obj
                0x1000525c                stdio_set_driver_enabled
 .text.stdio_init_all
                0x1000528c        0x8 CMakeFiles/pico_opt4048_test.dir/C_/Users/test/.pico-sdk/sdk/2.2.0/src/rp2_common/pico_stdio/stdio.c.obj
                0x1000528c                stdio_init_all
 .text.__wrap_putchar
                0x10005294       0x94 CMakeFiles/pico_opt4048_test.dir/C_/Users/test/.pico-sdk/sdk/2.2.0/src/rp2_common/pico_stdio/stdio.c.obj
                0x10005294                __wrap_putchar
                0x10005294                stdio_putchar
 .text.__wrap_puts
                0x10005328       0x3c CMakeFiles/pico_opt4048_test.dir/C_/Users/test/.pico-sdk/sdk/2.2.0/src/rp2_common/pico_stdio/stdio.c.obj
                0x10005328                stdio_puts
                0x10005328                __wrap_puts
 .text.__wrap_vprintf
                0x10005364       0xcc CMakeFiles/pico_opt4048_test.dir/C_/Users/test/.pico-sdk/sdk/2.2.0/src/rp2_common/pico_stdio/stdio.c.obj
                0x10005364                stdio_vprintf
                0x10005364                __wrap_vprintf
 .text.__wrap_printf
                0x10005430       0x18 CMakeFiles/pico_opt4048_test.dir/C_/Users/test/.pico-sdk/sdk/2.2.0/src/rp2_common/pico_stdio/stdio.c.obj
                0x10005430                __wrap_printf
                0x10005430                stdio_printf
 .text.resetd_init
                0x10005448        0x4 CMakeFiles/pico_opt4048_test.dir/C_/Users/test/.pico-sdk/sdk/2.2.0/src/rp2_common/pico_stdio_usb/reset_interface.c.obj
 .text.resetd_reset
                0x1000544c        0xc CMakeFiles/pico_opt4048_test.dir/C_/Users/test/.pico-sdk/sdk/2.2.0/src/rp2_common/pico_stdio_usb/reset_interface.c.obj
 .text.resetd_open
                0x10005458       0x28 CMakeFiles/pico_opt4048_test.dir/C_/Users/test/.pico-sdk/sdk/2.2.0/src/rp2_common/pico_stdio_usb/reset_interface.c.obj
 .text.resetd_xfer_cb
                0x10005480        0x4 CMakeFiles/pico_opt4048_test.dir/C_/Users/test/.pico-sdk/sdk/2.2.0/src/rp2_common/pico_stdio_usb/reset_interface.c.obj
 .text.resetd_control_xfer_cb
                0x10005484       0x54 CMakeFiles/pico_opt4048_test.dir/C_/Users/test/.pico-sdk/sdk/2.2.0/src/rp2_common/pico_stdio_usb/reset_interface.c.obj
 .text.tud_descriptor_bos_cb
                0x100054d8        0x8 CMakeFiles/pico_opt4048_test.dir/C_/Users/test/.pico-sdk/sdk/2.2.0/src/rp2_common/pico_stdio_usb/reset_interface.c.obj
                0x100054d8                tud_descriptor_bos_cb
 .text.tud_vendor_control_xfer_cb
                0x100054e0       0x34 CMakeFiles/pico_opt4048_test.dir/C_/Users/test/.pico-sdk/sdk/2.2.0/src/rp2_common/pico_stdio_usb/reset_interface.c.obj
                0x100054e0                tud_vendor_control_xfer_cb
 .text.usbd_app_driver_get_cb
                0x10005514        0xc CMakeFiles/pico_opt4048_test.dir/C_/Users/test/.pico-sdk/sdk/2.2.0/src/rp2_common/pico_stdio_usb/reset_interface.c.obj
                0x10005514                usbd_app_driver_get_cb
 .text.tud_cdc_line_coding_cb
                0x10005520       0x2c CMakeFiles/pico_opt4048_test.dir/C_/Users/test/.pico-sdk/sdk/2.2.0/src/rp2_common/pico_stdio_usb/reset_interface.c.obj
                0x10005520                tud_cdc_line_coding_cb
 .text.stdio_usb_set_chars_available_callback
                0x1000554c       0x14 CMakeFiles/pico_opt4048_test.dir/C_/Users/test/.pico-sdk/sdk/2.2.0/src/rp2_common/pico_stdio_usb/stdio_usb.c.obj
                0x1000554c                stdio_usb_set_chars_available_callback
 .text.usb_irq  0x10005560       0x10 CMakeFiles/pico_opt4048_test.dir/C_/Users/test/.pico-sdk/sdk/2.2.0/src/rp2_common/pico_stdio_usb/stdio_usb.c.obj
 .text.timer_task
                0x10005570       0x64 CMakeFiles/pico_opt4048_test.dir/C_/Users/test/.pico-sdk/sdk/2.2.0/src/rp2_common/pico_stdio_usb/stdio_usb.c.obj
 .text.stdio_usb_in_chars
                0x100055d4       0x8c CMakeFiles/pico_opt4048_test.dir/C_/Users/test/.pico-sdk/sdk/2.2.0/src/rp2_common/pico_stdio_usb/stdio_usb.c.obj
                0x100055d4                stdio_usb_in_chars
 .text.stdio_usb_out_flush
                0x10005660       0x4c CMakeFiles/pico_opt4048_test.dir/C_/Users/test/.pico-sdk/sdk/2.2.0/src/rp2_common/pico_stdio_usb/stdio_usb.c.obj
 .text.stdio_usb_out_chars
                0x100056ac      0x100 CMakeFiles/pico_opt4048_test.dir/C_/Users/test/.pico-sdk/sdk/2.2.0/src/rp2_common/pico_stdio_usb/stdio_usb.c.obj
 .text.low_priority_worker_irq
                0x100057ac       0xc8 CMakeFiles/pico_opt4048_test.dir/C_/Users/test/.pico-sdk/sdk/2.2.0/src/rp2_common/pico_stdio_usb/stdio_usb.c.obj
 .text.stdio_usb_init
                0x10005874       0xe8 CMakeFiles/pico_opt4048_test.dir/C_/Users/test/.pico-sdk/sdk/2.2.0/src/rp2_common/pico_stdio_usb/stdio_usb.c.obj
                0x10005874                stdio_usb_init
 .text.tud_descriptor_device_cb
                0x1000595c        0x8 CMakeFiles/pico_opt4048_test.dir/C_/Users/test/.pico-sdk/sdk/2.2.0/src/rp2_common/pico_stdio_usb/stdio_usb_descriptors.c.obj
                0x1000595c                tud_descriptor_device_cb
 .text.tud_descriptor_configuration_cb
                0x10005964        0x8 CMakeFiles/pico_opt4048_test.dir/C_/Users/test/.pico-sdk/sdk/2.2.0/src/rp2_common/pico_stdio_usb/stdio_usb_descriptors.c.obj
                0x10005964                tud_descriptor_configuration_cb
 .text.tud_descriptor_string_cb
                0x1000596c       0x78 CMakeFiles/pico_opt4048_test.dir/C_/Users/test/.pico-sdk/sdk/2.2.0/src/rp2_common/pico_stdio_usb/stdio_usb_descriptors.c.obj
                0x1000596c                tud_descriptor_string_cb
 .text.startup._retrieve_unique_id_on_boot
                0x100059e4       0x10 CMakeFiles/pico_opt4048_test.dir/C_/Users/test/.pico-sdk/sdk/2.2.0/src/rp2_common/pico_unique_id/unique_id.c.obj
 .text.pico_get_unique_board_id_string
                0x100059f4      0x1a8 CMakeFiles/pico_opt4048_test.dir/C_/Users/test/.pico-sdk/sdk/2.2.0/src/rp2_common/pico_unique_id/unique_id.c.obj
                0x100059f4                pico_get_unique_board_id_string
 .text.flash_get_unique_id
                0x10005b9c       0x3c CMakeFiles/pico_opt4048_test.dir/C_/Users/test/.pico-sdk/sdk/2.2.0/src/rp2_common/hardware_flash/flash.c.obj
                0x10005b9c                flash_get_unique_id
 .text.dcd_init
                0x10005bd8       0x90 CMakeFiles/pico_opt4048_test.dir/C_/Users/test/.pico-sdk/sdk/2.2.0/lib/tinyusb/src/portable/raspberrypi/rp2040/dcd_rp2040.c.obj
                0x10005bd8                dcd_init
 .text.dcd_int_enable
                0x10005c68        0xc CMakeFiles/pico_opt4048_test.dir/C_/Users/test/.pico-sdk/sdk/2.2.0/lib/tinyusb/src/portable/raspberrypi/rp2040/dcd_rp2040.c.obj
                0x10005c68                dcd_int_enable
 .text.dcd_set_address
                0x10005c74       0x14 CMakeFiles/pico_opt4048_test.dir/C_/Users/test/.pico-sdk/sdk/2.2.0/lib/tinyusb/src/portable/raspberrypi/rp2040/dcd_rp2040.c.obj
                0x10005c74                dcd_set_address
 .text.dcd_sof_enable
                0x10005c88       0x1c CMakeFiles/pico_opt4048_test.dir/C_/Users/test/.pico-sdk/sdk/2.2.0/lib/tinyusb/src/portable/raspberrypi/rp2040/dcd_rp2040.c.obj
                0x10005c88                dcd_sof_enable
 .text.dcd_edpt0_status_complete
                0x10005ca4       0x1c CMakeFiles/pico_opt4048_test.dir/C_/Users/test/.pico-sdk/sdk/2.2.0/lib/tinyusb/src/portable/raspberrypi/rp2040/dcd_rp2040.c.obj
                0x10005ca4                dcd_edpt0_status_complete
 .text.dcd_edpt_open
                0x10005cc0      0x114 CMakeFiles/pico_opt4048_test.dir/C_/Users/test/.pico-sdk/sdk/2.2.0/lib/tinyusb/src/portable/raspberrypi/rp2040/dcd_rp2040.c.obj
                0x10005cc0                dcd_edpt_open
 .text.dcd_edpt_close_all
                0x10005dd4        0x8 CMakeFiles/pico_opt4048_test.dir/C_/Users/test/.pico-sdk/sdk/2.2.0/lib/tinyusb/src/portable/raspberrypi/rp2040/dcd_rp2040.c.obj
                0x10005dd4                dcd_edpt_close_all
 .text.dcd_edpt_xfer
                0x10005ddc       0x24 CMakeFiles/pico_opt4048_test.dir/C_/Users/test/.pico-sdk/sdk/2.2.0/lib/tinyusb/src/portable/raspberrypi/rp2040/dcd_rp2040.c.obj
                0x10005ddc                dcd_edpt_xfer
 .text.dcd_edpt_stall
                0x10005e00       0x3c CMakeFiles/pico_opt4048_test.dir/C_/Users/test/.pico-sdk/sdk/2.2.0/lib/tinyusb/src/portable/raspberrypi/rp2040/dcd_rp2040.c.obj
                0x10005e00                dcd_edpt_stall
 .text.dcd_edpt_clear_stall
                0x10005e3c       0x30 CMakeFiles/pico_opt4048_test.dir/C_/Users/test/.pico-sdk/sdk/2.2.0/lib/tinyusb/src/portable/raspberrypi/rp2040/dcd_rp2040.c.obj
                0x10005e3c                dcd_edpt_clear_stall
 .text.rp2040_usb_init
                0x10005e6c       0x40 CMakeFiles/pico_opt4048_test.dir/C_/Users/test/.pico-sdk/sdk/2.2.0/lib/tinyusb/src/portable/raspberrypi/rp2040/rp2040_usb.c.obj
                0x10005e6c                rp2040_usb_init
 .text.hw_endpoint_xfer_start
                0x10005eac       0x40 CMakeFiles/pico_opt4048_test.dir/C_/Users/test/.pico-sdk/sdk/2.2.0/lib/tinyusb/src/portable/raspberrypi/rp2040/rp2040_usb.c.obj
                0x10005eac                hw_endpoint_xfer_start
 .text.tud_event_hook_cb
                0x10005eec        0x4 CMakeFiles/pico_opt4048_test.dir/C_/Users/test/.pico-sdk/sdk/2.2.0/lib/tinyusb/src/device/usbd.c.obj
                0x10005eec                tud_event_hook_cb
 .text.tud_sof_cb
                0x10005ef0        0x4 CMakeFiles/pico_opt4048_test.dir/C_/Users/test/.pico-sdk/sdk/2.2.0/lib/tinyusb/src/device/usbd.c.obj
                0x10005ef0                tud_sof_cb
 .text.tud_descriptor_device_qualifier_cb
                0x10005ef4        0x4 CMakeFiles/pico_opt4048_test.dir/C_/Users/test/.pico-sdk/sdk/2.2.0/lib/tinyusb/src/device/usbd.c.obj
                0x10005ef4                tud_descriptor_device_qualifier_cb
 .text.tud_descriptor_other_speed_configuration_cb
                0x10005ef8        0x4 CMakeFiles/pico_opt4048_test.dir/C_/Users/test/.pico-sdk/sdk/2.2.0/lib/tinyusb/src/device/usbd.c.obj
                0x10005ef8                tud_descriptor_other_speed_configuration_cb
 .text.tud_mount_cb
                0x10005efc        0x4 CMakeFiles/pico_opt4048_test.dir/C_/Users/test/.pico-sdk/sdk/2.2.0/lib/tinyusb/src/device/usbd.c.obj
                0x10005efc                tud_mount_cb
 .text.tud_umount_cb
                0x10005f00        0x4 CMakeFiles/pico_opt4048_test.dir/C_/Users/test/.pico-sdk/sdk/2.2.0/lib/tinyusb/src/device/usbd.c.obj
                0x10005f00                tud_umount_cb
 .text.tud_suspend_cb
                0x10005f04        0x4 CMakeFiles/pico_opt4048_test.dir/C_/Users/test/.pico-sdk/sdk/2.2.0/lib/tinyusb/src/device/usbd.c.obj
                0x10005f04                tud_suspend_cb
 .text.tud_resume_cb
                0x10005f08        0x4 CMakeFiles/pico_opt4048_test.dir/C_/Users/test/.pico-sdk/sdk/2.2.0/lib/tinyusb/src/device/usbd.c.obj
                0x10005f08                tud_resume_cb
 .text.tud_mounted
                0x10005f0c       0x10 CMakeFiles/pico_opt4048_test.dir/C_/Users/test/.pico-sdk/sdk/2.2.0/lib/tinyusb/src/device/usbd.c.obj
                0x10005f0c                tud_mounted
 .text.tud_suspended
                0x10005f1c       0x10 CMakeFiles/pico_opt4048_test.dir/C_/Users/test/.pico-sdk/sdk/2.2.0/lib/tinyusb/src/device/usbd.c.obj
                0x10005f1c                tud_suspended
 .text.tud_rhport_init
                0x10005f2c       0xf4 CMakeFiles/pico_opt4048_test.dir/C_/Users/test/.pico-sdk/sdk/2.2.0/lib/tinyusb/src/device/usbd.c.obj
                0x10005f2c                tud_rhport_init
 .text.tud_task_ext
                0x10006020      0x800 CMakeFiles/pico_opt4048_test.dir/C_/Users/test/.pico-sdk/sdk/2.2.0/lib/tinyusb/src/device/usbd.c.obj
                0x10006020                tud_task_ext
 .text.usbd_open_edpt_pair
                0x10006820       0x9c CMakeFiles/pico_opt4048_test.dir/C_/Users/test/.pico-sdk/sdk/2.2.0/lib/tinyusb/src/device/usbd.c.obj
                0x10006820                usbd_open_edpt_pair
 .text.usbd_edpt_open
                0x100068bc       0x34 CMakeFiles/pico_opt4048_test.dir/C_/Users/test/.pico-sdk/sdk/2.2.0/lib/tinyusb/src/device/usbd.c.obj
                0x100068bc                usbd_edpt_open
 .text.usbd_edpt_claim
                0x100068f0       0x28 CMakeFiles/pico_opt4048_test.dir/C_/Users/test/.pico-sdk/sdk/2.2.0/lib/tinyusb/src/device/usbd.c.obj
                0x100068f0                usbd_edpt_claim
 .text.usbd_edpt_release
                0x10006918       0x28 CMakeFiles/pico_opt4048_test.dir/C_/Users/test/.pico-sdk/sdk/2.2.0/lib/tinyusb/src/device/usbd.c.obj
                0x10006918                usbd_edpt_release
 .text.usbd_edpt_xfer
                0x10006940       0x4c CMakeFiles/pico_opt4048_test.dir/C_/Users/test/.pico-sdk/sdk/2.2.0/lib/tinyusb/src/device/usbd.c.obj
                0x10006940                usbd_edpt_xfer
 .text.tud_control_status
                0x1000698c       0x2c CMakeFiles/pico_opt4048_test.dir/C_/Users/test/.pico-sdk/sdk/2.2.0/lib/tinyusb/src/device/usbd_control.c.obj
                0x1000698c                tud_control_status
 .text.tud_control_xfer
                0x100069b8       0xa8 CMakeFiles/pico_opt4048_test.dir/C_/Users/test/.pico-sdk/sdk/2.2.0/lib/tinyusb/src/device/usbd_control.c.obj
                0x100069b8                tud_control_xfer
 .text.usbd_control_reset
                0x10006a60       0x14 CMakeFiles/pico_opt4048_test.dir/C_/Users/test/.pico-sdk/sdk/2.2.0/lib/tinyusb/src/device/usbd_control.c.obj
                0x10006a60                usbd_control_reset
 .text.usbd_control_set_complete_callback
                0x10006a74        0xc CMakeFiles/pico_opt4048_test.dir/C_/Users/test/.pico-sdk/sdk/2.2.0/lib/tinyusb/src/device/usbd_control.c.obj
                0x10006a74                usbd_control_set_complete_callback
 .text.usbd_control_set_request
                0x10006a80       0x1c CMakeFiles/pico_opt4048_test.dir/C_/Users/test/.pico-sdk/sdk/2.2.0/lib/tinyusb/src/device/usbd_control.c.obj
                0x10006a80                usbd_control_set_request
 .text.usbd_control_xfer_cb
                0x10006a9c       0xec CMakeFiles/pico_opt4048_test.dir/C_/Users/test/.pico-sdk/sdk/2.2.0/lib/tinyusb/src/device/usbd_control.c.obj
                0x10006a9c                usbd_control_xfer_cb
 .text._prep_out_transaction.isra.0
                0x10006b88       0x6c CMakeFiles/pico_opt4048_test.dir/C_/Users/test/.pico-sdk/sdk/2.2.0/lib/tinyusb/src/class/cdc/cdc_device.c.obj
 .text.tud_cdc_n_connected
                0x10006bf4       0x2c CMakeFiles/pico_opt4048_test.dir/C_/Users/test/.pico-sdk/sdk/2.2.0/lib/tinyusb/src/class/cdc/cdc_device.c.obj
                0x10006bf4                tud_cdc_n_connected
 .text.tud_cdc_n_available
                0x10006c20       0x14 CMakeFiles/pico_opt4048_test.dir/C_/Users/test/.pico-sdk/sdk/2.2.0/lib/tinyusb/src/class/cdc/cdc_device.c.obj
                0x10006c20                tud_cdc_n_available
 .text.tud_cdc_n_read
                0x10006c34       0x88 CMakeFiles/pico_opt4048_test.dir/C_/Users/test/.pico-sdk/sdk/2.2.0/lib/tinyusb/src/class/cdc/cdc_device.c.obj
                0x10006c34                tud_cdc_n_read
 .text.tud_cdc_n_write_flush
                0x10006cbc       0x74 CMakeFiles/pico_opt4048_test.dir/C_/Users/test/.pico-sdk/sdk/2.2.0/lib/tinyusb/src/class/cdc/cdc_device.c.obj
                0x10006cbc                tud_cdc_n_write_flush
 .text.tud_cdc_n_write
                0x10006d30       0x40 CMakeFiles/pico_opt4048_test.dir/C_/Users/test/.pico-sdk/sdk/2.2.0/lib/tinyusb/src/class/cdc/cdc_device.c.obj
                0x10006d30                tud_cdc_n_write
 .text.tud_cdc_n_write_available
                0x10006d70       0x14 CMakeFiles/pico_opt4048_test.dir/C_/Users/test/.pico-sdk/sdk/2.2.0/lib/tinyusb/src/class/cdc/cdc_device.c.obj
                0x10006d70                tud_cdc_n_write_available
 .text.cdcd_init
                0x10006d84       0x70 CMakeFiles/pico_opt4048_test.dir/C_/Users/test/.pico-sdk/sdk/2.2.0/lib/tinyusb/src/class/cdc/cdc_device.c.obj
                0x10006d84                cdcd_init
 .text.cdcd_deinit
                0x10006df4       0x30 CMakeFiles/pico_opt4048_test.dir/C_/Users/test/.pico-sdk/sdk/2.2.0/lib/tinyusb/src/class/cdc/cdc_device.c.obj
                0x10006df4                cdcd_deinit
 .text.cdcd_reset
                0x10006e24       0x4c CMakeFiles/pico_opt4048_test.dir/C_/Users/test/.pico-sdk/sdk/2.2.0/lib/tinyusb/src/class/cdc/cdc_device.c.obj
                0x10006e24                cdcd_reset
 .text.cdcd_open
                0x10006e70       0xa4 CMakeFiles/pico_opt4048_test.dir/C_/Users/test/.pico-sdk/sdk/2.2.0/lib/tinyusb/src/class/cdc/cdc_device.c.obj
                0x10006e70                cdcd_open
 .text.cdcd_control_xfer_cb
                0x10006f14       0xe8 CMakeFiles/pico_opt4048_test.dir/C_/Users/test/.pico-sdk/sdk/2.2.0/lib/tinyusb/src/class/cdc/cdc_device.c.obj
                0x10006f14                cdcd_control_xfer_cb
 .text.cdcd_xfer_cb
                0x10006ffc      0x100 CMakeFiles/pico_opt4048_test.dir/C_/Users/test/.pico-sdk/sdk/2.2.0/lib/tinyusb/src/class/cdc/cdc_device.c.obj
                0x10006ffc                cdcd_xfer_cb
 .text.vendord_init
                0x100070fc       0x5c CMakeFiles/pico_opt4048_test.dir/C_/Users/test/.pico-sdk/sdk/2.2.0/lib/tinyusb/src/class/vendor/vendor_device.c.obj
                0x100070fc                vendord_init
 .text.vendord_deinit
                0x10007158       0x1c CMakeFiles/pico_opt4048_test.dir/C_/Users/test/.pico-sdk/sdk/2.2.0/lib/tinyusb/src/class/vendor/vendor_device.c.obj
                0x10007158                vendord_deinit
 .text.vendord_reset
                0x10007174       0x28 CMakeFiles/pico_opt4048_test.dir/C_/Users/test/.pico-sdk/sdk/2.2.0/lib/tinyusb/src/class/vendor/vendor_device.c.obj
                0x10007174                vendord_reset
 .text.vendord_open
                0x1000719c      0x120 CMakeFiles/pico_opt4048_test.dir/C_/Users/test/.pico-sdk/sdk/2.2.0/lib/tinyusb/src/class/vendor/vendor_device.c.obj
                0x1000719c                vendord_open
 .text.vendord_xfer_cb
                0x100072bc       0x9c CMakeFiles/pico_opt4048_test.dir/C_/Users/test/.pico-sdk/sdk/2.2.0/lib/tinyusb/src/class/vendor/vendor_device.c.obj
                0x100072bc                vendord_xfer_cb
 .text.tusb_rhport_init
                0x10007358       0x4c CMakeFiles/pico_opt4048_test.dir/C_/Users/test/.pico-sdk/sdk/2.2.0/lib/tinyusb/src/tusb.c.obj
                0x10007358                tusb_rhport_init
 .text.tu_edpt_claim
                0x100073a4       0x50 CMakeFiles/pico_opt4048_test.dir/C_/Users/test/.pico-sdk/sdk/2.2.0/lib/tinyusb/src/tusb.c.obj
                0x100073a4                tu_edpt_claim
 .text.tu_edpt_release
                0x100073f4       0x38 CMakeFiles/pico_opt4048_test.dir/C_/Users/test/.pico-sdk/sdk/2.2.0/lib/tinyusb/src/tusb.c.obj
                0x100073f4                tu_edpt_release
 .text.tu_edpt_validate
                0x1000742c       0x7c CMakeFiles/pico_opt4048_test.dir/C_/Users/test/.pico-sdk/sdk/2.2.0/lib/tinyusb/src/tusb.c.obj
                0x1000742c                tu_edpt_validate
 .text.tu_edpt_bind_driver
                0x100074a8       0x34 CMakeFiles/pico_opt4048_test.dir/C_/Users/test/.pico-sdk/sdk/2.2.0/lib/tinyusb/src/tusb.c.obj
                0x100074a8                tu_edpt_bind_driver
 .text.tu_edpt_stream_init
                0x100074dc       0x6c CMakeFiles/pico_opt4048_test.dir/C_/Users/test/.pico-sdk/sdk/2.2.0/lib/tinyusb/src/tusb.c.obj
                0x100074dc                tu_edpt_stream_init
 .text.tu_edpt_stream_deinit
                0x10007548        0x4 CMakeFiles/pico_opt4048_test.dir/C_/Users/test/.pico-sdk/sdk/2.2.0/lib/tinyusb/src/tusb.c.obj
                0x10007548                tu_edpt_stream_deinit
 .text.tu_edpt_stream_write_zlp_if_needed
                0x1000754c       0x68 CMakeFiles/pico_opt4048_test.dir/C_/Users/test/.pico-sdk/sdk/2.2.0/lib/tinyusb/src/tusb.c.obj
                0x1000754c                tu_edpt_stream_write_zlp_if_needed
 .text.tu_edpt_stream_write_xfer
                0x100075b4       0x68 CMakeFiles/pico_opt4048_test.dir/C_/Users/test/.pico-sdk/sdk/2.2.0/lib/tinyusb/src/tusb.c.obj
                0x100075b4                tu_edpt_stream_write_xfer
 .text.tu_edpt_stream_read_xfer
                0x1000761c       0xd8 CMakeFiles/pico_opt4048_test.dir/C_/Users/test/.pico-sdk/sdk/2.2.0/lib/tinyusb/src/tusb.c.obj
                0x1000761c                tu_edpt_stream_read_xfer
 .text.tu_fifo_config
                0x100076f4       0x6c CMakeFiles/pico_opt4048_test.dir/C_/Users/test/.pico-sdk/sdk/2.2.0/lib/tinyusb/src/common/tusb_fifo.c.obj
                0x100076f4                tu_fifo_config
 .text.tu_fifo_count
                0x10007760       0x2c CMakeFiles/pico_opt4048_test.dir/C_/Users/test/.pico-sdk/sdk/2.2.0/lib/tinyusb/src/common/tusb_fifo.c.obj
                0x10007760                tu_fifo_count
 .text.tu_fifo_empty
                0x1000778c       0x10 CMakeFiles/pico_opt4048_test.dir/C_/Users/test/.pico-sdk/sdk/2.2.0/lib/tinyusb/src/common/tusb_fifo.c.obj
                0x1000778c                tu_fifo_empty
 .text.tu_fifo_remaining
                0x1000779c       0x2c CMakeFiles/pico_opt4048_test.dir/C_/Users/test/.pico-sdk/sdk/2.2.0/lib/tinyusb/src/common/tusb_fifo.c.obj
                0x1000779c                tu_fifo_remaining
 .text.tu_fifo_read
                0x100077c8       0x9c CMakeFiles/pico_opt4048_test.dir/C_/Users/test/.pico-sdk/sdk/2.2.0/lib/tinyusb/src/common/tusb_fifo.c.obj
                0x100077c8                tu_fifo_read
 .text.tu_fifo_read_n
                0x10007864       0xe8 CMakeFiles/pico_opt4048_test.dir/C_/Users/test/.pico-sdk/sdk/2.2.0/lib/tinyusb/src/common/tusb_fifo.c.obj
                0x10007864                tu_fifo_read_n
 .text.tu_fifo_write
                0x1000794c       0xa4 CMakeFiles/pico_opt4048_test.dir/C_/Users/test/.pico-sdk/sdk/2.2.0/lib/tinyusb/src/common/tusb_fifo.c.obj
                0x1000794c                tu_fifo_write
 .text.tu_fifo_write_n
                0x100079f0      0x178 CMakeFiles/pico_opt4048_test.dir/C_/Users/test/.pico-sdk/sdk/2.2.0/lib/tinyusb/src/common/tusb_fifo.c.obj
                0x100079f0                tu_fifo_write_n
 .text.tu_fifo_clear
                0x10007b68       0x40 CMakeFiles/pico_opt4048_test.dir/C_/Users/test/.pico-sdk/sdk/2.2.0/lib/tinyusb/src/common/tusb_fifo.c.obj
                0x10007b68                tu_fifo_clear
 .text.tu_fifo_set_overwritable
                0x10007ba8       0x48 CMakeFiles/pico_opt4048_test.dir/C_/Users/test/.pico-sdk/sdk/2.2.0/lib/tinyusb/src/common/tusb_fifo.c.obj
                0x10007ba8                tu_fifo_set_overwritable
 .text.i2c_read_blocking_internal.constprop.0
                0x10007bf0       0x98 CMakeFiles/pico_opt4048_test.dir/C_/Users/test/.pico-sdk/sdk/2.2.0/src/rp2_common/hardware_i2c/i2c.c.obj
 .text.i2c_write_blocking_internal.constprop.0
                0x10007c88       0xf8 CMakeFiles/pico_opt4048_test.dir/C_/Users/test/.pico-sdk/sdk/2.2.0/src/rp2_common/hardware_i2c/i2c.c.obj
 .text.i2c_set_baudrate
                0x10007d80       0xc0 CMakeFiles/pico_opt4048_test.dir/C_/Users/test/.pico-sdk/sdk/2.2.0/src/rp2_common/hardware_i2c/i2c.c.obj
                0x10007d80                i2c_set_baudrate
 .text.i2c_init
                0x10007e40       0x50 CMakeFiles/pico_opt4048_test.dir/C_/Users/test/.pico-sdk/sdk/2.2.0/src/rp2_common/hardware_i2c/i2c.c.obj
                0x10007e40                i2c_init
 .text.i2c_write_blocking
                0x10007e90       0x14 CMakeFiles/pico_opt4048_test.dir/C_/Users/test/.pico-sdk/sdk/2.2.0/src/rp2_common/hardware_i2c/i2c.c.obj
                0x10007e90                i2c_write_blocking
 .text.i2c_read_blocking
                0x10007ea4       0x14 CMakeFiles/pico_opt4048_test.dir/C_/Users/test/.pico-sdk/sdk/2.2.0/src/rp2_common/hardware_i2c/i2c.c.obj
                0x10007ea4                i2c_read_blocking
 .text._Z3mindd
                0x10007eb8       0x1c lib/pico_opt4048/libpico_opt4048.a(opt4048.cpp.obj)
                0x10007eb8                min(double, double)
 .text._Z3maxdd
                0x10007ed4       0x1c lib/pico_opt4048/libpico_opt4048.a(opt4048.cpp.obj)
                0x10007ed4                max(double, double)
 .text._ZN7OPT40484readEv
                0x10007ef0       0xf8 lib/pico_opt4048/libpico_opt4048.a(opt4048.cpp.obj)
                0x10007ef0                OPT4048::read()
 .text._ZN7OPT404810readConfigEv
                0x10007fe8       0xcc lib/pico_opt4048/libpico_opt4048.a(opt4048.cpp.obj)
                0x10007fe8                OPT4048::readConfig()
 .text._ZN7OPT404811writeConfigEv
                0x100080b4       0xa0 lib/pico_opt4048/libpico_opt4048.a(opt4048.cpp.obj)
                0x100080b4                OPT4048::writeConfig()
 .text._ZN7OPT4048C2EP8i2c_insth
                0x10008154       0x84 lib/pico_opt4048/libpico_opt4048.a(opt4048.cpp.obj)
                0x10008154                OPT4048::OPT4048(i2c_inst*, unsigned char)
                0x10008154                OPT4048::OPT4048(i2c_inst*, unsigned char)
 .text._Z8rawToXYZ12opt4048_data
                0x100081d8      0x264 lib/pico_opt4048/libpico_opt4048.a(conversions.cpp.obj)
                0x100081d8                rawToXYZ(opt4048_data)
 .text._Z8xyzToRGB9color_xyz
                0x1000843c      0x23c lib/pico_opt4048/libpico_opt4048.a(conversions.cpp.obj)
                0x1000843c                xyzToRGB(color_xyz)
 .text._Z8xyzToCCT9color_xyz
                0x10008678       0xc0 lib/pico_opt4048/libpico_opt4048.a(conversions.cpp.obj)
                0x10008678                xyzToCCT(color_xyz)
 .text.strlen   0x10008738       0x5c C:/Users/test/.pico-sdk/toolchain/14_2_Rel1/bin/../lib/gcc/arm-none-eabi/14.2.1/thumb/v6-m/nofp\libg.a(libc_a-strlen-stub.o)
                0x10008738                strlen
 *(.fini)
 .fini          0x10008794        0x4 C:/Users/test/.pico-sdk/toolchain/14_2_Rel1/bin/../lib/gcc/arm-none-eabi/14.2.1/thumb/v6-m/nofp/crti.o
                0x10008794                _fini
 .fini.__stub   0x10008798       0xc0 linker stubs
 *crtbegin.o(.ctors)
 *crtbegin?.o(.ctors)
 *(EXCLUDE_FILE(*crtend.o *crtend?.o) .ctors)
 *(SORT_BY_NAME(.ctors.*))
 *(.ctors)
 *crtbegin.o(.dtors)
 *crtbegin?.o(.dtors)
 *(EXCLUDE_FILE(*crtend.o *crtend?.o) .dtors)
 *(SORT_BY_NAME(.dtors.*))
 *(.dtors)
                0x10008858                        . = ALIGN (0x4)
                0x10008858                        PROVIDE (__preinit_array_start = .)
 *(SORT_BY_NAME(.preinit_array.*))
 .preinit_array.00100
                0x10008858        0x4 CMakeFiles/pico_opt4048_test.dir/C_/Users/test/.pico-sdk/sdk/2.2.0/src/rp2_common/pico_runtime_init/runtime_init.c.obj
                0x10008858                __pre_init_runtime_init_early_resets
 .preinit_array.00101
                0x1000885c        0x4 CMakeFiles/pico_opt4048_test.dir/C_/Users/test/.pico-sdk/sdk/2.2.0/src/rp2_common/pico_runtime_init/runtime_init.c.obj
                0x1000885c                __pre_init_runtime_init_usb_power_down
 .preinit_array.00275
                0x10008860        0x4 CMakeFiles/pico_opt4048_test.dir/C_/Users/test/.pico-sdk/sdk/2.2.0/src/rp2_common/pico_bit_ops/bit_ops_aeabi.S.obj
 .preinit_array.00300
                0x10008864        0x4 CMakeFiles/pico_opt4048_test.dir/C_/Users/test/.pico-sdk/sdk/2.2.0/src/rp2_common/pico_mem_ops/mem_ops_aeabi.S.obj
 .preinit_array.00350
                0x10008868        0x4 CMakeFiles/pico_opt4048_test.dir/C_/Users/test/.pico-sdk/sdk/2.2.0/src/rp2_common/pico_double/double_aeabi_rp2040.S.obj
 .preinit_array.00350
                0x1000886c        0x4 CMakeFiles/pico_opt4048_test.dir/C_/Users/test/.pico-sdk/sdk/2.2.0/src/rp2_common/pico_float/float_aeabi_rp2040.S.obj
 .preinit_array.00500
                0x10008870        0x4 CMakeFiles/pico_opt4048_test.dir/C_/Users/test/.pico-sdk/sdk/2.2.0/src/rp2_common/pico_runtime_init/runtime_init.c.obj
                0x10008870                __pre_init_runtime_init_clocks
 .preinit_array.00600
                0x10008874        0x4 CMakeFiles/pico_opt4048_test.dir/C_/Users/test/.pico-sdk/sdk/2.2.0/src/rp2_common/pico_runtime_init/runtime_init.c.obj
                0x10008874                __pre_init_runtime_init_post_clock_resets
 .preinit_array.00700
                0x10008878        0x4 CMakeFiles/pico_opt4048_test.dir/C_/Users/test/.pico-sdk/sdk/2.2.0/src/rp2_common/pico_runtime_init/runtime_init.c.obj
                0x10008878                __pre_init_runtime_init_rp2040_gpio_ie_disable
 .preinit_array.01000
                0x1000887c        0x4 CMakeFiles/pico_opt4048_test.dir/C_/Users/test/.pico-sdk/sdk/2.2.0/src/rp2_common/pico_runtime_init/runtime_init.c.obj
                0x1000887c                __pre_init_runtime_init_spin_locks_reset
 .preinit_array.01100
                0x10008880        0x4 CMakeFiles/pico_opt4048_test.dir/C_/Users/test/.pico-sdk/sdk/2.2.0/src/common/pico_sync/mutex.c.obj
                0x10008880                __pre_init_runtime_init_mutex
 .preinit_array.10080
                0x10008884        0x4 CMakeFiles/pico_opt4048_test.dir/C_/Users/test/.pico-sdk/sdk/2.2.0/src/rp2_common/pico_runtime_init/runtime_init.c.obj
                0x10008884                __pre_init_runtime_init_install_ram_vector_table
 .preinit_array.11000
                0x10008888        0x4 CMakeFiles/pico_opt4048_test.dir/C_/Users/test/.pico-sdk/sdk/2.2.0/src/common/pico_time/time.c.obj
                0x10008888                __pre_init_runtime_init_default_alarm_pool
 .preinit_array.YYYYY
                0x1000888c        0x4 CMakeFiles/pico_opt4048_test.dir/C_/Users/test/.pico-sdk/sdk/2.2.0/src/rp2_common/pico_runtime/runtime.c.obj
                0x1000888c                __pre_init_first_per_core_initializer
 .preinit_array.ZZZZZ.01200
                0x10008890        0x4 CMakeFiles/pico_opt4048_test.dir/C_/Users/test/.pico-sdk/sdk/2.2.0/src/rp2_common/hardware_irq/irq.c.obj
                0x10008890                __pre_init_runtime_init_per_core_irq_priorities
 *(.preinit_array)
                0x10008894                        PROVIDE (__preinit_array_end = .)
                0x10008894                        . = ALIGN (0x4)
                0x10008894                        PROVIDE (__init_array_start = .)
 *(SORT_BY_NAME(.init_array.*))
 .init_array.01000
                0x10008894        0x4 CMakeFiles/pico_opt4048_test.dir/C_/Users/test/.pico-sdk/sdk/2.2.0/src/rp2_common/pico_unique_id/unique_id.c.obj
 *(.init_array)
 .init_array    0x10008898        0x4 C:/Users/test/.pico-sdk/toolchain/14_2_Rel1/bin/../lib/gcc/arm-none-eabi/14.2.1/thumb/v6-m/nofp/crtbegin.o
                0x1000889c                        PROVIDE (__init_array_end = .)
                0x1000889c                        . = ALIGN (0x4)
                [!provide]                        PROVIDE (__fini_array_start = .)
 *(SORT_BY_NAME(.fini_array.*))
 *(.fini_array)
                [!provide]                        PROVIDE (__fini_array_end = .)
 *(.eh_frame*)
 .eh_frame      0x1000889c        0x0 C:/Users/test/.pico-sdk/toolchain/14_2_Rel1/bin/../lib/gcc/arm-none-eabi/14.2.1/thumb/v6-m/nofp/crtbegin.o
                0x1000889c                        . = ALIGN (0x4)

.glue_7         0x1000889c        0x0
 .glue_7        0x1000889c        0x0 linker stubs

.glue_7t        0x1000889c        0x0
 .glue_7t       0x1000889c        0x0 linker stubs

.vfp11_veneer   0x1000889c        0x0
 .vfp11_veneer  0x1000889c        0x0 linker stubs

.v4_bx          0x1000889c        0x0
 .v4_bx         0x1000889c        0x0 linker stubs

.iplt           0x1000889c        0x0
 .iplt          0x1000889c        0x0 C:/Users/test/.pico-sdk/toolchain/14_2_Rel1/bin/../lib/gcc/arm-none-eabi/14.2.1/thumb/v6-m/nofp/crtbegin.o

.rodata         0x100088a0      0x7a8
 *(EXCLUDE_FILE(*libm.a: *libc.a:*lib_a-mem*.o *libgcc.a:) .rodata*)
 .rodata._Z9printData12opt4048_data.str1.4
                0x100088a0      0x2f9 CMakeFiles/pico_opt4048_test.dir/src/main.cpp.obj
                                 0xf4 (size before relaxing)
 .rodata.main.str1.4
                0x10008b99       0x10 CMakeFiles/pico_opt4048_test.dir/src/main.cpp.obj
 .rodata.panic.str1.4
                0x10008b99       0x12 CMakeFiles/pico_opt4048_test.dir/C_/Users/test/.pico-sdk/sdk/2.2.0/src/rp2_common/pico_platform_panic/panic.c.obj
 .rodata.spin_lock_claim_unused.str1.4
                0x10008b99       0x1b CMakeFiles/pico_opt4048_test.dir/C_/Users/test/.pico-sdk/sdk/2.2.0/src/rp2_common/hardware_sync/sync.c.obj
 .rodata.user_irq_claim_unused.str1.4
                0x10008b99       0x1b CMakeFiles/pico_opt4048_test.dir/C_/Users/test/.pico-sdk/sdk/2.2.0/src/rp2_common/hardware_irq/irq.c.obj
 .rodata.timer_hardware_alarm_claim.str1.4
                0x10008b99       0x22 CMakeFiles/pico_opt4048_test.dir/C_/Users/test/.pico-sdk/sdk/2.2.0/src/rp2_common/hardware_timer/timer.c.obj
 .rodata.hard_assertion_failure.str1.4
                0x10008b99        0xc CMakeFiles/pico_opt4048_test.dir/C_/Users/test/.pico-sdk/sdk/2.2.0/src/rp2_common/pico_runtime/runtime.c.obj
 .rodata.str1.4
                0x10008b99       0x48 CMakeFiles/pico_opt4048_test.dir/C_/Users/test/.pico-sdk/sdk/2.2.0/src/rp2_common/pico_standard_binary_info/standard_binary_info.c.obj
 *fill*         0x10008b99        0x3 
 .rodata.__bi_84
                0x10008b9c        0xc CMakeFiles/pico_opt4048_test.dir/C_/Users/test/.pico-sdk/sdk/2.2.0/src/rp2_common/pico_standard_binary_info/standard_binary_info.c.obj
 .rodata.__bi_78
                0x10008ba8        0xc CMakeFiles/pico_opt4048_test.dir/C_/Users/test/.pico-sdk/sdk/2.2.0/src/rp2_common/pico_standard_binary_info/standard_binary_info.c.obj
 .rodata.__bi_54
                0x10008bb4        0xc CMakeFiles/pico_opt4048_test.dir/C_/Users/test/.pico-sdk/sdk/2.2.0/src/rp2_common/pico_standard_binary_info/standard_binary_info.c.obj
 .rodata.__bi_48
                0x10008bc0        0xc CMakeFiles/pico_opt4048_test.dir/C_/Users/test/.pico-sdk/sdk/2.2.0/src/rp2_common/pico_standard_binary_info/standard_binary_info.c.obj
 .rodata.__bi_42
                0x10008bcc        0xc CMakeFiles/pico_opt4048_test.dir/C_/Users/test/.pico-sdk/sdk/2.2.0/src/rp2_common/pico_standard_binary_info/standard_binary_info.c.obj
 .rodata.__bi_34
                0x10008bd8        0xc CMakeFiles/pico_opt4048_test.dir/C_/Users/test/.pico-sdk/sdk/2.2.0/src/rp2_common/pico_standard_binary_info/standard_binary_info.c.obj
 .rodata.__bi_26
                0x10008be4        0xc CMakeFiles/pico_opt4048_test.dir/C_/Users/test/.pico-sdk/sdk/2.2.0/src/rp2_common/pico_standard_binary_info/standard_binary_info.c.obj
 .rodata._ftoa.str1.4
                0x10008bf0       0x15 CMakeFiles/pico_opt4048_test.dir/C_/Users/test/.pico-sdk/sdk/2.2.0/src/rp2_common/pico_printf/printf.c.obj
 .rodata._vsnprintf
                0x10008bf0      0x19c CMakeFiles/pico_opt4048_test.dir/C_/Users/test/.pico-sdk/sdk/2.2.0/src/rp2_common/pico_printf/printf.c.obj
 *fill*         0x10008d8c        0x4 
 .rodata.pow10.0
                0x10008d90       0x50 CMakeFiles/pico_opt4048_test.dir/C_/Users/test/.pico-sdk/sdk/2.2.0/src/rp2_common/pico_printf/printf.c.obj
 .rodata.crlf_str.0
                0x10008de0        0x2 CMakeFiles/pico_opt4048_test.dir/C_/Users/test/.pico-sdk/sdk/2.2.0/src/rp2_common/pico_stdio/stdio.c.obj
 *fill*         0x10008de2        0x2 
 .rodata._resetd_driver
                0x10008de4       0x20 CMakeFiles/pico_opt4048_test.dir/C_/Users/test/.pico-sdk/sdk/2.2.0/src/rp2_common/pico_stdio_usb/reset_interface.c.obj
 .rodata.desc_ms_os_20
                0x10008e04       0xa6 CMakeFiles/pico_opt4048_test.dir/C_/Users/test/.pico-sdk/sdk/2.2.0/src/rp2_common/pico_stdio_usb/reset_interface.c.obj
 *fill*         0x10008eaa        0x2 
 .rodata.desc_bos
                0x10008eac       0x21 CMakeFiles/pico_opt4048_test.dir/C_/Users/test/.pico-sdk/sdk/2.2.0/src/rp2_common/pico_stdio_usb/reset_interface.c.obj
                0x10008eac                desc_bos
 .rodata.str1.4
                0x10008ecd       0x13 CMakeFiles/pico_opt4048_test.dir/C_/Users/test/.pico-sdk/sdk/2.2.0/src/rp2_common/pico_stdio_usb/stdio_usb.c.obj
 *fill*         0x10008ecd        0x3 
 .rodata.__bi_202.0
                0x10008ed0        0xc CMakeFiles/pico_opt4048_test.dir/C_/Users/test/.pico-sdk/sdk/2.2.0/src/rp2_common/pico_stdio_usb/stdio_usb.c.obj
 .rodata.str1.4
                0x10008edc       0x2a CMakeFiles/pico_opt4048_test.dir/C_/Users/test/.pico-sdk/sdk/2.2.0/src/rp2_common/pico_stdio_usb/stdio_usb_descriptors.c.obj
 .rodata.usbd_desc_str
                0x10008edc       0x18 CMakeFiles/pico_opt4048_test.dir/C_/Users/test/.pico-sdk/sdk/2.2.0/src/rp2_common/pico_stdio_usb/stdio_usb_descriptors.c.obj
 .rodata.usbd_desc_cfg
                0x10008ef4       0x54 CMakeFiles/pico_opt4048_test.dir/C_/Users/test/.pico-sdk/sdk/2.2.0/src/rp2_common/pico_stdio_usb/stdio_usb_descriptors.c.obj
 .rodata.usbd_desc_device
                0x10008f48       0x12 CMakeFiles/pico_opt4048_test.dir/C_/Users/test/.pico-sdk/sdk/2.2.0/src/rp2_common/pico_stdio_usb/stdio_usb_descriptors.c.obj
 .rodata.str1.4
                0x10008f5a       0x14 CMakeFiles/pico_opt4048_test.dir/C_/Users/test/.pico-sdk/sdk/2.2.0/lib/tinyusb/src/portable/raspberrypi/rp2040/dcd_rp2040.c.obj
 .rodata.str1.4
                0x10008f5a       0x48 CMakeFiles/pico_opt4048_test.dir/C_/Users/test/.pico-sdk/sdk/2.2.0/lib/tinyusb/src/portable/raspberrypi/rp2040/rp2040_usb.c.obj
 *fill*         0x10008f5a        0x2 
 .rodata.tud_task_ext
                0x10008f5c       0x8c CMakeFiles/pico_opt4048_test.dir/C_/Users/test/.pico-sdk/sdk/2.2.0/lib/tinyusb/src/device/usbd.c.obj
 .rodata        0x10008fe8       0x1c CMakeFiles/pico_opt4048_test.dir/C_/Users/test/.pico-sdk/sdk/2.2.0/lib/tinyusb/src/device/usbd.c.obj
 .rodata._usbd_driver
                0x10009004       0x40 CMakeFiles/pico_opt4048_test.dir/C_/Users/test/.pico-sdk/sdk/2.2.0/lib/tinyusb/src/device/usbd.c.obj
 .rodata._ZN7OPT40484readEv.str1.4
                0x10009044       0x10 lib/pico_opt4048/libpico_opt4048.a(opt4048.cpp.obj)
 .rodata._ZN7OPT4048C2EP8i2c_insth.str1.4
                0x10009044       0x6d lib/pico_opt4048/libpico_opt4048.a(opt4048.cpp.obj)
 .rodata.OPT4048_ADDR
                0x10009044        0x1 lib/pico_opt4048/libpico_opt4048.a(opt4048.cpp.obj)
                0x10009044                OPT4048_ADDR
                0x100090b4                        . = ALIGN (0x4)
 *fill*         0x10009045        0x3 
 *(SORT_BY_ALIGNMENT(SORT_BY_NAME(.flashdata*)))
                0x10009048                        . = ALIGN (0x4)

.ARM.extab
 *(.ARM.extab* .gnu.linkonce.armextab.*)
                0x10009048                        __exidx_start = .

.ARM.exidx
 *(.ARM.exidx* .gnu.linkonce.armexidx.*)
                0x10009048                        __exidx_end = .
                0x10009048                        . = ALIGN (0x4)
                0x10009048                        __binary_info_start = .

.binary_info    0x10009048       0x20
 *(.binary_info.keep.*)
 .binary_info.keep.__bi_ptr84
                0x10009048        0x4 CMakeFiles/pico_opt4048_test.dir/C_/Users/test/.pico-sdk/sdk/2.2.0/src/rp2_common/pico_standard_binary_info/standard_binary_info.c.obj
 .binary_info.keep.__bi_ptr78
                0x1000904c        0x4 CMakeFiles/pico_opt4048_test.dir/C_/Users/test/.pico-sdk/sdk/2.2.0/src/rp2_common/pico_standard_binary_info/standard_binary_info.c.obj
 .binary_info.keep.__bi_ptr54
                0x10009050        0x4 CMakeFiles/pico_opt4048_test.dir/C_/Users/test/.pico-sdk/sdk/2.2.0/src/rp2_common/pico_standard_binary_info/standard_binary_info.c.obj
 .binary_info.keep.__bi_ptr48
                0x10009054        0x4 CMakeFiles/pico_opt4048_test.dir/C_/Users/test/.pico-sdk/sdk/2.2.0/src/rp2_common/pico_standard_binary_info/standard_binary_info.c.obj
 .binary_info.keep.__bi_ptr42
                0x10009058        0x4 CMakeFiles/pico_opt4048_test.dir/C_/Users/test/.pico-sdk/sdk/2.2.0/src/rp2_common/pico_standard_binary_info/standard_binary_info.c.obj
 .binary_info.keep.__bi_ptr34
                0x1000905c        0x4 CMakeFiles/pico_opt4048_test.dir/C_/Users/test/.pico-sdk/sdk/2.2.0/src/rp2_common/pico_standard_binary_info/standard_binary_info.c.obj
 .binary_info.keep.__bi_ptr26
                0x10009060        0x4 CMakeFiles/pico_opt4048_test.dir/C_/Users/test/.pico-sdk/sdk/2.2.0/src/rp2_common/pico_standard_binary_info/standard_binary_info.c.obj
 *(.binary_info.*)
 .binary_info.__bi_ptr202
                0x10009064        0x4 CMakeFiles/pico_opt4048_test.dir/C_/Users/test/.pico-sdk/sdk/2.2.0/src/rp2_common/pico_stdio_usb/stdio_usb.c.obj
                0x10009068                        __binary_info_end = .
                0x10009068                        . = ALIGN (0x4)

.ram_vector_table
                0x20000000       0xc0
 *(.ram_vector_table)
 .ram_vector_table
                0x20000000       0xc0 CMakeFiles/pico_opt4048_test.dir/C_/Users/test/.pico-sdk/sdk/2.2.0/src/rp2_common/pico_runtime_init/runtime_init.c.obj
                0x20000000                ram_vector_table

.uninitialized_data
                0x200000c0        0x0
                0x200000c0                        . = ALIGN (0x4)
 *(.uninitialized_data*)

.data           0x200000c0      0xff8 load address 0x10009068
                0x200000c0                        __data_start__ = .
 *(vtable)
 *(.time_critical*)
 .time_critical.mutex_try_enter
                0x200000c0       0x40 CMakeFiles/pico_opt4048_test.dir/C_/Users/test/.pico-sdk/sdk/2.2.0/src/common/pico_sync/mutex.c.obj
                0x200000c0                mutex_try_enter
 .time_critical.mutex_try_enter_block_until
                0x20000100       0x98 CMakeFiles/pico_opt4048_test.dir/C_/Users/test/.pico-sdk/sdk/2.2.0/src/common/pico_sync/mutex.c.obj
                0x20000100                mutex_try_enter_block_until
 .time_critical.mutex_enter_timeout_ms
                0x20000198       0x8c CMakeFiles/pico_opt4048_test.dir/C_/Users/test/.pico-sdk/sdk/2.2.0/src/common/pico_sync/mutex.c.obj
                0x20000198                mutex_enter_timeout_ms
 .time_critical.mutex_exit
                0x20000224       0x28 CMakeFiles/pico_opt4048_test.dir/C_/Users/test/.pico-sdk/sdk/2.2.0/src/common/pico_sync/mutex.c.obj
                0x20000224                mutex_exit
 .time_critical.flash_init_boot2_copyout
                0x2000024c       0x30 CMakeFiles/pico_opt4048_test.dir/C_/Users/test/.pico-sdk/sdk/2.2.0/src/rp2_common/hardware_flash/flash.c.obj
 .time_critical.flash_enable_xip_via_boot2
                0x2000027c        0xc CMakeFiles/pico_opt4048_test.dir/C_/Users/test/.pico-sdk/sdk/2.2.0/src/rp2_common/hardware_flash/flash.c.obj
 .time_critical.flash_save_hardware_state
                0x20000288       0x20 CMakeFiles/pico_opt4048_test.dir/C_/Users/test/.pico-sdk/sdk/2.2.0/src/rp2_common/hardware_flash/flash.c.obj
 .time_critical.flash_restore_hardware_state
                0x200002a8       0x20 CMakeFiles/pico_opt4048_test.dir/C_/Users/test/.pico-sdk/sdk/2.2.0/src/rp2_common/hardware_flash/flash.c.obj
 .time_critical.flash_cs_force
                0x200002c8       0x38 CMakeFiles/pico_opt4048_test.dir/C_/Users/test/.pico-sdk/sdk/2.2.0/src/rp2_common/hardware_flash/flash.c.obj
 .time_critical.flash_do_cmd
                0x20000300      0x13c CMakeFiles/pico_opt4048_test.dir/C_/Users/test/.pico-sdk/sdk/2.2.0/src/rp2_common/hardware_flash/flash.c.obj
                0x20000300                flash_do_cmd
 .time_critical.reset_non_control_endpoints
                0x2000043c       0x68 CMakeFiles/pico_opt4048_test.dir/C_/Users/test/.pico-sdk/sdk/2.2.0/lib/tinyusb/src/portable/raspberrypi/rp2040/dcd_rp2040.c.obj
 .time_critical.hw_handle_buff_status
                0x200004a4       0xa0 CMakeFiles/pico_opt4048_test.dir/C_/Users/test/.pico-sdk/sdk/2.2.0/lib/tinyusb/src/portable/raspberrypi/rp2040/dcd_rp2040.c.obj
 .time_critical.dcd_rp2040_irq
                0x20000544      0x548 CMakeFiles/pico_opt4048_test.dir/C_/Users/test/.pico-sdk/sdk/2.2.0/lib/tinyusb/src/portable/raspberrypi/rp2040/dcd_rp2040.c.obj
 .time_critical.prepare_ep_buffer
                0x20000a8c       0xc8 CMakeFiles/pico_opt4048_test.dir/C_/Users/test/.pico-sdk/sdk/2.2.0/lib/tinyusb/src/portable/raspberrypi/rp2040/rp2040_usb.c.obj
 .time_critical.sync_ep_buffer
                0x20000b54       0x9c CMakeFiles/pico_opt4048_test.dir/C_/Users/test/.pico-sdk/sdk/2.2.0/lib/tinyusb/src/portable/raspberrypi/rp2040/rp2040_usb.c.obj
 .time_critical._hw_endpoint_xfer_sync
                0x20000bf0       0x28 CMakeFiles/pico_opt4048_test.dir/C_/Users/test/.pico-sdk/sdk/2.2.0/lib/tinyusb/src/portable/raspberrypi/rp2040/rp2040_usb.c.obj
 .time_critical.e15_is_bulkin_ep
                0x20000c18       0x28 CMakeFiles/pico_opt4048_test.dir/C_/Users/test/.pico-sdk/sdk/2.2.0/lib/tinyusb/src/portable/raspberrypi/rp2040/rp2040_usb.c.obj
 .time_critical.e15_is_critical_frame_period
                0x20000c40       0x34 CMakeFiles/pico_opt4048_test.dir/C_/Users/test/.pico-sdk/sdk/2.2.0/lib/tinyusb/src/portable/raspberrypi/rp2040/rp2040_usb.c.obj
 .time_critical.hw_endpoint_reset_transfer
                0x20000c74        0xc CMakeFiles/pico_opt4048_test.dir/C_/Users/test/.pico-sdk/sdk/2.2.0/lib/tinyusb/src/portable/raspberrypi/rp2040/rp2040_usb.c.obj
                0x20000c74                hw_endpoint_reset_transfer
 .time_critical._hw_endpoint_buffer_control_update32
                0x20000c80       0x50 CMakeFiles/pico_opt4048_test.dir/C_/Users/test/.pico-sdk/sdk/2.2.0/lib/tinyusb/src/portable/raspberrypi/rp2040/rp2040_usb.c.obj
                0x20000c80                _hw_endpoint_buffer_control_update32
 .time_critical.hw_endpoint_start_next_buffer
                0x20000cd0       0x68 CMakeFiles/pico_opt4048_test.dir/C_/Users/test/.pico-sdk/sdk/2.2.0/lib/tinyusb/src/portable/raspberrypi/rp2040/rp2040_usb.c.obj
                0x20000cd0                hw_endpoint_start_next_buffer
 .time_critical.hw_endpoint_xfer_continue
                0x20000d38       0x40 CMakeFiles/pico_opt4048_test.dir/C_/Users/test/.pico-sdk/sdk/2.2.0/lib/tinyusb/src/portable/raspberrypi/rp2040/rp2040_usb.c.obj
                0x20000d38                hw_endpoint_xfer_continue
 .time_critical.tinyusb
                0x20000d78      0x1e4 CMakeFiles/pico_opt4048_test.dir/C_/Users/test/.pico-sdk/sdk/2.2.0/lib/tinyusb/src/device/usbd.c.obj
                0x20000d78                dcd_event_handler
 *(.text*)
 .text          0x20000f5c        0x4 C:/Users/test/.pico-sdk/toolchain/14_2_Rel1/bin/../lib/gcc/arm-none-eabi/14.2.1/thumb/v6-m/nofp\libgcc.a(_dvmd_tls.o)
                0x20000f5c                __aeabi_idiv0
                0x20000f5c                __aeabi_ldiv0
 .text.__stub   0x20000f60       0x80 linker stubs
                0x20000fe0                        . = ALIGN (0x4)
 *(.rodata*)
                0x20000fe0                        . = ALIGN (0x4)
 *(.data*)
 .data.striped_spin_lock_num
                0x20000fe0        0x1 CMakeFiles/pico_opt4048_test.dir/C_/Users/test/.pico-sdk/sdk/2.2.0/src/rp2_common/hardware_sync/sync.c.obj
 *fill*         0x20000fe1        0x3 
 .data          0x20000fe4       0x48 CMakeFiles/pico_opt4048_test.dir/C_/Users/test/.pico-sdk/sdk/2.2.0/src/rp2_common/hardware_irq/irq_handler_chain.S.obj
                0x20000fe4                irq_handler_chain_slots
                0x20001014                irq_handler_chain_first_slot
                0x2000101e                irq_handler_chain_remove_tail
 .data.default_alarm_pool
                0x2000102c       0x18 CMakeFiles/pico_opt4048_test.dir/C_/Users/test/.pico-sdk/sdk/2.2.0/src/common/pico_time/time.c.obj
 *fill*         0x20001044        0xc 
 .data.aeabi_bits_funcs
                0x20001050       0x10 CMakeFiles/pico_opt4048_test.dir/C_/Users/test/.pico-sdk/sdk/2.2.0/src/rp2_common/pico_bit_ops/bit_ops_aeabi.S.obj
                0x20001050                aeabi_bits_funcs
                0x20001060                aeabi_bits_funcs_end
 .data.aeabi_mem_funcs
                0x20001060       0x10 CMakeFiles/pico_opt4048_test.dir/C_/Users/test/.pico-sdk/sdk/2.2.0/src/rp2_common/pico_mem_ops/mem_ops_aeabi.S.obj
                0x20001060                aeabi_mem_funcs
                0x20001070                aeabi_mem_funcs_end
 .data.stdio_usb
                0x20001070       0x18 CMakeFiles/pico_opt4048_test.dir/C_/Users/test/.pico-sdk/sdk/2.2.0/src/rp2_common/pico_stdio_usb/stdio_usb.c.obj
                0x20001070                stdio_usb
 .data._usbd_qdef
                0x20001088       0x1c CMakeFiles/pico_opt4048_test.dir/C_/Users/test/.pico-sdk/sdk/2.2.0/lib/tinyusb/src/device/usbd.c.obj
                0x20001088                _usbd_qdef
 .data._usbd_rhport
                0x200010a4        0x1 CMakeFiles/pico_opt4048_test.dir/C_/Users/test/.pico-sdk/sdk/2.2.0/lib/tinyusb/src/device/usbd.c.obj
 *fill*         0x200010a5        0x3 
 .data.i2c0_inst
                0x200010a8        0x8 CMakeFiles/pico_opt4048_test.dir/C_/Users/test/.pico-sdk/sdk/2.2.0/src/rp2_common/hardware_i2c/i2c.c.obj
                0x200010a8                i2c0_inst
                0x200010b0                        . = ALIGN (0x4)
 *(.after_data.*)
                0x200010b0                        . = ALIGN (0x4)
                0x200010b0                        PROVIDE (__mutex_array_start = .)
 *(SORT_BY_NAME(.mutex_array.*))
 *(.mutex_array)
 .mutex_array   0x200010b0        0x8 CMakeFiles/pico_opt4048_test.dir/C_/Users/test/.pico-sdk/sdk/2.2.0/src/rp2_common/pico_stdio/stdio.c.obj
                0x200010b8                        PROVIDE (__mutex_array_end = .)
                0x200010b8                        . = ALIGN (0x4)
 *(.jcr)
                0x200010b8                        . = ALIGN (0x4)

.tm_clone_table
                0x200010b8        0x0 load address 0x1000a060
 .tm_clone_table
                0x200010b8        0x0 C:/Users/test/.pico-sdk/toolchain/14_2_Rel1/bin/../lib/gcc/arm-none-eabi/14.2.1/thumb/v6-m/nofp/crtbegin.o
 .tm_clone_table
                0x200010b8        0x0 C:/Users/test/.pico-sdk/toolchain/14_2_Rel1/bin/../lib/gcc/arm-none-eabi/14.2.1/thumb/v6-m/nofp/crtend.o

.igot.plt       0x200010b8        0x0 load address 0x1000a060
 .igot.plt      0x200010b8        0x0 C:/Users/test/.pico-sdk/toolchain/14_2_Rel1/bin/../lib/gcc/arm-none-eabi/14.2.1/thumb/v6-m/nofp/crtbegin.o

.tdata          0x200010b8        0x0 load address 0x1000a060
                0x200010b8                        . = ALIGN (0x4)
 *(.tdata .tdata.* .gnu.linkonce.td.*)
                0x200010b8                        __tdata_end = .
                0x200010b8                        PROVIDE (__data_end__ = .)
                0x10009068                        __etext = LOADADDR (.data)

.tbss           0x200010b8        0x0 load address 0x1000a060
                0x200010b8                        . = ALIGN (0x4)
                0x200010b8                        __bss_start__ = .
                0x200010b8                        __tls_base = .
 *(.tbss .tbss.* .gnu.linkonce.tb.*)
 *(.tcommon)
                0x200010b8                        __tls_end = .

.bss            0x200010b8      0xefc load address 0x1000a060
                0x200010b8                        . = ALIGN (0x4)
                0x200010b8                        __tbss_end = .
 *(SORT_BY_ALIGNMENT(SORT_BY_NAME(.bss*)))
 .bss.default_alarm_pool_entries
                0x200010b8      0x180 CMakeFiles/pico_opt4048_test.dir/C_/Users/test/.pico-sdk/sdk/2.2.0/src/common/pico_time/time.c.obj
 .bss.last_avail_time.1
                0x20001238        0x8 CMakeFiles/pico_opt4048_test.dir/C_/Users/test/.pico-sdk/sdk/2.2.0/src/rp2_common/pico_stdio_usb/stdio_usb.c.obj
 .bss.sd_table  0x20001240      0x100 CMakeFiles/pico_opt4048_test.dir/C_/Users/test/.pico-sdk/sdk/2.2.0/src/rp2_common/pico_double/double_init_rom_rp2040.c.obj
                0x20001240                sd_table
 .bss.sf_table  0x20001340      0x100 CMakeFiles/pico_opt4048_test.dir/C_/Users/test/.pico-sdk/sdk/2.2.0/src/rp2_common/pico_float/float_init_rom_rp2040.c.obj
                0x20001340                sf_table
 .bss._app_driver
                0x20001440        0x4 CMakeFiles/pico_opt4048_test.dir/C_/Users/test/.pico-sdk/sdk/2.2.0/lib/tinyusb/src/device/usbd.c.obj
 .bss._cdcd_epbuf
                0x20001444       0x80 CMakeFiles/pico_opt4048_test.dir/C_/Users/test/.pico-sdk/sdk/2.2.0/lib/tinyusb/src/class/cdc/cdc_device.c.obj
 .bss._cdcd_fifo_cfg
                0x200014c4        0x1 CMakeFiles/pico_opt4048_test.dir/C_/Users/test/.pico-sdk/sdk/2.2.0/lib/tinyusb/src/class/cdc/cdc_device.c.obj
 *fill*         0x200014c5        0x3 
 .bss._cdcd_itf
                0x200014c8       0xc8 CMakeFiles/pico_opt4048_test.dir/C_/Users/test/.pico-sdk/sdk/2.2.0/lib/tinyusb/src/class/cdc/cdc_device.c.obj
 .bss._ctrl_epbuf
                0x20001590       0x40 CMakeFiles/pico_opt4048_test.dir/C_/Users/test/.pico-sdk/sdk/2.2.0/lib/tinyusb/src/device/usbd_control.c.obj
 .bss._ctrl_xfer
                0x200015d0       0x14 CMakeFiles/pico_opt4048_test.dir/C_/Users/test/.pico-sdk/sdk/2.2.0/lib/tinyusb/src/device/usbd_control.c.obj
 .bss._tusb_rhport_role
                0x200015e4        0x2 CMakeFiles/pico_opt4048_test.dir/C_/Users/test/.pico-sdk/sdk/2.2.0/lib/tinyusb/src/tusb.c.obj
                0x200015e4                _tusb_rhport_role
 *fill*         0x200015e6        0x2 
 .bss._ubsd_mutexdef
                0x200015e8        0x8 CMakeFiles/pico_opt4048_test.dir/C_/Users/test/.pico-sdk/sdk/2.2.0/lib/tinyusb/src/device/usbd.c.obj
 .bss._usbd_dev
                0x200015f0       0x54 CMakeFiles/pico_opt4048_test.dir/C_/Users/test/.pico-sdk/sdk/2.2.0/lib/tinyusb/src/device/usbd.c.obj
 .bss._usbd_mutex
                0x20001644        0x4 CMakeFiles/pico_opt4048_test.dir/C_/Users/test/.pico-sdk/sdk/2.2.0/lib/tinyusb/src/device/usbd.c.obj
 .bss._usbd_q   0x20001648        0x4 CMakeFiles/pico_opt4048_test.dir/C_/Users/test/.pico-sdk/sdk/2.2.0/lib/tinyusb/src/device/usbd.c.obj
 .bss._usbd_qdef_buf
                0x2000164c       0xc0 CMakeFiles/pico_opt4048_test.dir/C_/Users/test/.pico-sdk/sdk/2.2.0/lib/tinyusb/src/device/usbd.c.obj
                0x2000164c                _usbd_qdef_buf
 .bss._vendord_epbuf
                0x2000170c       0x80 CMakeFiles/pico_opt4048_test.dir/C_/Users/test/.pico-sdk/sdk/2.2.0/lib/tinyusb/src/class/vendor/vendor_device.c.obj
 .bss._vendord_itf
                0x2000178c      0x24c CMakeFiles/pico_opt4048_test.dir/C_/Users/test/.pico-sdk/sdk/2.2.0/lib/tinyusb/src/class/vendor/vendor_device.c.obj
 .bss.boot2_copyout
                0x200019d8      0x100 CMakeFiles/pico_opt4048_test.dir/C_/Users/test/.pico-sdk/sdk/2.2.0/src/rp2_common/hardware_flash/flash.c.obj
 .bss.chars_available_callback
                0x20001ad8        0x4 CMakeFiles/pico_opt4048_test.dir/C_/Users/test/.pico-sdk/sdk/2.2.0/src/rp2_common/pico_stdio_usb/stdio_usb.c.obj
 .bss.chars_available_param
                0x20001adc        0x4 CMakeFiles/pico_opt4048_test.dir/C_/Users/test/.pico-sdk/sdk/2.2.0/src/rp2_common/pico_stdio_usb/stdio_usb.c.obj
 .bss.claimed   0x20001ae0        0x4 CMakeFiles/pico_opt4048_test.dir/C_/Users/test/.pico-sdk/sdk/2.2.0/src/rp2_common/hardware_sync/sync.c.obj
 .bss.claimed   0x20001ae4        0x1 CMakeFiles/pico_opt4048_test.dir/C_/Users/test/.pico-sdk/sdk/2.2.0/src/rp2_common/hardware_timer/timer.c.obj
 *fill*         0x20001ae5        0x3 
 .bss.configured_freq
                0x20001ae8       0x28 CMakeFiles/pico_opt4048_test.dir/C_/Users/test/.pico-sdk/sdk/2.2.0/src/rp2_common/hardware_clocks/clocks.c.obj
 .bss.desc_str.0
                0x20001b10       0x28 CMakeFiles/pico_opt4048_test.dir/C_/Users/test/.pico-sdk/sdk/2.2.0/src/rp2_common/pico_stdio_usb/stdio_usb_descriptors.c.obj
 .bss.drivers   0x20001b38        0x4 CMakeFiles/pico_opt4048_test.dir/C_/Users/test/.pico-sdk/sdk/2.2.0/src/rp2_common/pico_stdio/stdio.c.obj
 .bss.e15_last_sof
                0x20001b3c        0x4 CMakeFiles/pico_opt4048_test.dir/C_/Users/test/.pico-sdk/sdk/2.2.0/lib/tinyusb/src/portable/raspberrypi/rp2040/rp2040_usb.c.obj
                0x20001b3c                e15_last_sof
 .bss.filter    0x20001b40        0x4 CMakeFiles/pico_opt4048_test.dir/C_/Users/test/.pico-sdk/sdk/2.2.0/src/rp2_common/pico_stdio/stdio.c.obj
 .bss.hw_endpoints
                0x20001b44      0x400 CMakeFiles/pico_opt4048_test.dir/C_/Users/test/.pico-sdk/sdk/2.2.0/lib/tinyusb/src/portable/raspberrypi/rp2040/dcd_rp2040.c.obj
 .bss.lazy_vsnprintf
                0x20001f44        0x4 CMakeFiles/pico_opt4048_test.dir/C_/Users/test/.pico-sdk/sdk/2.2.0/src/rp2_common/pico_printf/printf.c.obj
 .bss.load_value
                0x20001f48        0x4 CMakeFiles/pico_opt4048_test.dir/C_/Users/test/.pico-sdk/sdk/2.2.0/src/rp2_common/hardware_watchdog/watchdog.c.obj
 .bss.next_buffer_ptr
                0x20001f4c        0x4 CMakeFiles/pico_opt4048_test.dir/C_/Users/test/.pico-sdk/sdk/2.2.0/lib/tinyusb/src/portable/raspberrypi/rp2040/dcd_rp2040.c.obj
 .bss.object.0  0x20001f50       0x18 C:/Users/test/.pico-sdk/toolchain/14_2_Rel1/bin/../lib/gcc/arm-none-eabi/14.2.1/thumb/v6-m/nofp/crtbegin.o
 .bss.one_shot_timer_crit_sec
                0x20001f68        0x8 CMakeFiles/pico_opt4048_test.dir/C_/Users/test/.pico-sdk/sdk/2.2.0/src/rp2_common/pico_stdio_usb/stdio_usb.c.obj
 .bss.pools     0x20001f70       0x10 CMakeFiles/pico_opt4048_test.dir/C_/Users/test/.pico-sdk/sdk/2.2.0/src/common/pico_time/time.c.obj
 .bss.retrieved_id
                0x20001f80        0x8 CMakeFiles/pico_opt4048_test.dir/C_/Users/test/.pico-sdk/sdk/2.2.0/src/rp2_common/pico_unique_id/unique_id.c.obj
 .bss.sf_clz_func
                0x20001f88        0x4 CMakeFiles/pico_opt4048_test.dir/C_/Users/test/.pico-sdk/sdk/2.2.0/src/rp2_common/pico_double/double_init_rom_rp2040.c.obj
                0x20001f88                sf_clz_func
 .bss.sleep_notifier
                0x20001f8c        0x4 CMakeFiles/pico_opt4048_test.dir/C_/Users/test/.pico-sdk/sdk/2.2.0/src/common/pico_time/time.c.obj
 .bss.stdio_usb_mutex